Archive member included to satisfy reference by file (symbol)

d:/ahl-gec-vscode-ide/ahl-gec-vscode-ide/gcc/risc-v embedded gcc/bin/../lib/gcc/riscv-none-embed/8.2.0/rv32imac/ilp32\libgcc.a(_udivdi3.o)
                              ./obj/printf.o (__udivdi3)
d:/ahl-gec-vscode-ide/ahl-gec-vscode-ide/gcc/risc-v embedded gcc/bin/../lib/gcc/riscv-none-embed/8.2.0/rv32imac/ilp32\libgcc.a(_umoddi3.o)
                              ./obj/printf.o (__umoddi3)
d:/ahl-gec-vscode-ide/ahl-gec-vscode-ide/gcc/risc-v embedded gcc/bin/../lib/gcc/riscv-none-embed/8.2.0/rv32imac/ilp32\libgcc.a(adddf3.o)
                              ./obj/adc.o (__adddf3)
d:/ahl-gec-vscode-ide/ahl-gec-vscode-ide/gcc/risc-v embedded gcc/bin/../lib/gcc/riscv-none-embed/8.2.0/rv32imac/ilp32\libgcc.a(divdf3.o)
                              ./obj/adc.o (__divdf3)
d:/ahl-gec-vscode-ide/ahl-gec-vscode-ide/gcc/risc-v embedded gcc/bin/../lib/gcc/riscv-none-embed/8.2.0/rv32imac/ilp32\libgcc.a(eqdf2.o)
                              ./obj/printf.o (__nedf2)
d:/ahl-gec-vscode-ide/ahl-gec-vscode-ide/gcc/risc-v embedded gcc/bin/../lib/gcc/riscv-none-embed/8.2.0/rv32imac/ilp32\libgcc.a(ledf2.o)
                              ./obj/printf.o (__ltdf2)
d:/ahl-gec-vscode-ide/ahl-gec-vscode-ide/gcc/risc-v embedded gcc/bin/../lib/gcc/riscv-none-embed/8.2.0/rv32imac/ilp32\libgcc.a(muldf3.o)
                              ./obj/adc.o (__muldf3)
d:/ahl-gec-vscode-ide/ahl-gec-vscode-ide/gcc/risc-v embedded gcc/bin/../lib/gcc/riscv-none-embed/8.2.0/rv32imac/ilp32\libgcc.a(subdf3.o)
                              ./obj/adc.o (__subdf3)
d:/ahl-gec-vscode-ide/ahl-gec-vscode-ide/gcc/risc-v embedded gcc/bin/../lib/gcc/riscv-none-embed/8.2.0/rv32imac/ilp32\libgcc.a(fixdfsi.o)
                              ./obj/adc.o (__fixdfsi)
d:/ahl-gec-vscode-ide/ahl-gec-vscode-ide/gcc/risc-v embedded gcc/bin/../lib/gcc/riscv-none-embed/8.2.0/rv32imac/ilp32\libgcc.a(floatsidf.o)
                              ./obj/adc.o (__floatsidf)
d:/ahl-gec-vscode-ide/ahl-gec-vscode-ide/gcc/risc-v embedded gcc/bin/../lib/gcc/riscv-none-embed/8.2.0/rv32imac/ilp32\libgcc.a(fixunsdfdi.o)
                              ./obj/printf.o (__fixunsdfdi)
d:/ahl-gec-vscode-ide/ahl-gec-vscode-ide/gcc/risc-v embedded gcc/bin/../lib/gcc/riscv-none-embed/8.2.0/rv32imac/ilp32\libgcc.a(floatundidf.o)
                              ./obj/printf.o (__floatundidf)
d:/ahl-gec-vscode-ide/ahl-gec-vscode-ide/gcc/risc-v embedded gcc/bin/../lib/gcc/riscv-none-embed/8.2.0/rv32imac/ilp32\libgcc.a(extendsfdf2.o)
                              ./obj/main.o (__extendsfdf2)
d:/ahl-gec-vscode-ide/ahl-gec-vscode-ide/gcc/risc-v embedded gcc/bin/../lib/gcc/riscv-none-embed/8.2.0/rv32imac/ilp32\libgcc.a(truncdfsf2.o)
                              ./obj/adc.o (__truncdfsf2)
d:/ahl-gec-vscode-ide/ahl-gec-vscode-ide/gcc/risc-v embedded gcc/bin/../lib/gcc/riscv-none-embed/8.2.0/rv32imac/ilp32\libgcc.a(_clz.o)
                              d:/ahl-gec-vscode-ide/ahl-gec-vscode-ide/gcc/risc-v embedded gcc/bin/../lib/gcc/riscv-none-embed/8.2.0/rv32imac/ilp32\libgcc.a(_udivdi3.o) (__clz_tab)
d:/ahl-gec-vscode-ide/ahl-gec-vscode-ide/gcc/risc-v embedded gcc/bin/../lib/gcc/riscv-none-embed/8.2.0/rv32imac/ilp32\libgcc.a(_clzsi2.o)
                              d:/ahl-gec-vscode-ide/ahl-gec-vscode-ide/gcc/risc-v embedded gcc/bin/../lib/gcc/riscv-none-embed/8.2.0/rv32imac/ilp32\libgcc.a(adddf3.o) (__clzsi2)
d:/ahl-gec-vscode-ide/ahl-gec-vscode-ide/gcc/risc-v embedded gcc/bin/../lib/gcc/riscv-none-embed/8.2.0/../../../../riscv-none-embed/lib/rv32imac/ilp32\libg_nano.a(lib_a-memset.o)
                              ./obj/printf.o (memset)
d:/ahl-gec-vscode-ide/ahl-gec-vscode-ide/gcc/risc-v embedded gcc/bin/../lib/gcc/riscv-none-embed/8.2.0/../../../../riscv-none-embed/lib/rv32imac/ilp32\libg_nano.a(lib_a-strlen.o)
                              ./obj/uart.o (strlen)

Allocating common symbols
Common symbol       size              file

rfsend              0xfa              ./obj/rf.o
rftaskID            0x1               ./obj/rf.o
g_f1                0x4               ./obj/main.o
rflength            0x1               ./obj/rf.o
component_fun       0x4               ./obj/main.o
data                0xa               ./obj/rf.o

Discarded input sections

 .text          0x0000000000000000        0x0 ./obj/adc.o
 .data          0x0000000000000000        0x0 ./obj/adc.o
 .bss           0x0000000000000000        0x0 ./obj/adc.o
 .text          0x0000000000000000        0x0 ./obj/main.o
 .data          0x0000000000000000        0x0 ./obj/main.o
 .bss           0x0000000000000000        0x0 ./obj/main.o
 .text          0x0000000000000000        0x0 ./obj/flash.o
 .data          0x0000000000000000        0x0 ./obj/flash.o
 .bss           0x0000000000000000        0x0 ./obj/flash.o
 .text.flash_init
                0x0000000000000000       0x20 ./obj/flash.o
 .text.flash_write_sect
                0x0000000000000000       0x28 ./obj/flash.o
 .text.flash_write_physical
                0x0000000000000000       0x2c ./obj/flash.o
 .text.flash_read_physical
                0x0000000000000000       0x20 ./obj/flash.o
 .text.flash_isempty
                0x0000000000000000       0x24 ./obj/flash.o
 .text.flash_write_DoubleWord
                0x0000000000000000       0x42 ./obj/flash.o
 .text          0x0000000000000000        0x0 ./obj/gpio.o
 .data          0x0000000000000000        0x0 ./obj/gpio.o
 .bss           0x0000000000000000        0x0 ./obj/gpio.o
 .text.gpio_get
                0x0000000000000000       0x98 ./obj/gpio.o
 .text.gpio_reverse
                0x0000000000000000       0x7e ./obj/gpio.o
 .text.gpio_pull
                0x0000000000000000       0xae ./obj/gpio.o
 .text.gpio_enable_int
                0x0000000000000000      0x1ea ./obj/gpio.o
 .text.gpio_get_int
                0x0000000000000000       0x5c ./obj/gpio.o
 .text.gpio_clear_int
                0x0000000000000000       0x5e ./obj/gpio.o
 .text.gpio_get_port_pin
                0x0000000000000000        0xe ./obj/gpio.o
 .text          0x0000000000000000        0x0 ./obj/rf.o
 .data          0x0000000000000000        0x0 ./obj/rf.o
 .bss           0x0000000000000000        0x0 ./obj/rf.o
 .text.RF_Init  0x0000000000000000       0x9e ./obj/rf.o
 .text.GetRFAddr
                0x0000000000000000       0xac ./obj/rf.o
 .text.RF_Tx_Data
                0x0000000000000000       0x54 ./obj/rf.o
 .rodata.GetRFAddr.str1.4
                0x0000000000000000       0x53 ./obj/rf.o
 .debug_info    0x0000000000000000      0xde2 ./obj/rf.o
 .debug_abbrev  0x0000000000000000      0x2ae ./obj/rf.o
 .debug_loc     0x0000000000000000      0x12e ./obj/rf.o
 .debug_aranges
                0x0000000000000000       0x30 ./obj/rf.o
 .debug_ranges  0x0000000000000000       0x20 ./obj/rf.o
 .debug_line    0x0000000000000000      0x5aa ./obj/rf.o
 .debug_str     0x0000000000000000      0x88c ./obj/rf.o
 .comment       0x0000000000000000       0x34 ./obj/rf.o
 .debug_frame   0x0000000000000000       0x78 ./obj/rf.o
 COMMON         0x0000000000000000      0x106 ./obj/rf.o
 .text          0x0000000000000000        0x0 ./obj/gec.o
 .data          0x0000000000000000        0x0 ./obj/gec.o
 .bss           0x0000000000000000        0x0 ./obj/gec.o
 .text.SYS_ResetExecute
                0x0000000000000000       0x44 ./obj/gec.o
 .text          0x0000000000000000        0x0 ./obj/uart.o
 .data          0x0000000000000000        0x0 ./obj/uart.o
 .bss           0x0000000000000000        0x0 ./obj/uart.o
 .text.uart_sendN
                0x0000000000000000      0x146 ./obj/uart.o
 .text.uart_send_string
                0x0000000000000000      0x122 ./obj/uart.o
 .text.uart_reN
                0x0000000000000000       0x54 ./obj/uart.o
 .text.uart_disable_re_int
                0x0000000000000000       0xa6 ./obj/uart.o
 .text.uart_get_re_int
                0x0000000000000000      0x116 ./obj/uart.o
 .rodata.uart_get_re_int
                0x0000000000000000       0xd0 ./obj/uart.o
 .text.uart_deinit
                0x0000000000000000      0x148 ./obj/uart.o
 .text.uart_is_uartNo
                0x0000000000000000        0x6 ./obj/uart.o
 .data.table_irq_uart
                0x0000000000000000       0x10 ./obj/uart.o
 .text          0x0000000000000000        0x0 ./obj/isr.o
 .data          0x0000000000000000        0x0 ./obj/isr.o
 .bss           0x0000000000000000        0x0 ./obj/isr.o
 .text          0x0000000000000000        0x0 ./obj/core_riscv.o
 .data          0x0000000000000000        0x0 ./obj/core_riscv.o
 .bss           0x0000000000000000        0x0 ./obj/core_riscv.o
 .text.__get_FFLAGS
                0x0000000000000000        0x6 ./obj/core_riscv.o
 .text.__set_FFLAGS
                0x0000000000000000        0x6 ./obj/core_riscv.o
 .text.__get_FRM
                0x0000000000000000        0x6 ./obj/core_riscv.o
 .text.__set_FRM
                0x0000000000000000        0x6 ./obj/core_riscv.o
 .text.__get_FCSR
                0x0000000000000000        0x6 ./obj/core_riscv.o
 .text.__set_FCSR
                0x0000000000000000        0x6 ./obj/core_riscv.o
 .text.__get_MSTATUS
                0x0000000000000000        0x6 ./obj/core_riscv.o
 .text.__set_MSTATUS
                0x0000000000000000        0x6 ./obj/core_riscv.o
 .text.__get_MISA
                0x0000000000000000        0x6 ./obj/core_riscv.o
 .text.__set_MISA
                0x0000000000000000        0x6 ./obj/core_riscv.o
 .text.__get_MIE
                0x0000000000000000        0x6 ./obj/core_riscv.o
 .text.__set_MIE
                0x0000000000000000        0x6 ./obj/core_riscv.o
 .text.__get_MTVEC
                0x0000000000000000        0x6 ./obj/core_riscv.o
 .text.__set_MTVEC
                0x0000000000000000        0x6 ./obj/core_riscv.o
 .text.__get_MSCRATCH
                0x0000000000000000        0x6 ./obj/core_riscv.o
 .text.__set_MSCRATCH
                0x0000000000000000        0x6 ./obj/core_riscv.o
 .text.__get_MEPC
                0x0000000000000000        0x6 ./obj/core_riscv.o
 .text.__set_MEPC
                0x0000000000000000        0x6 ./obj/core_riscv.o
 .text.__get_MCAUSE
                0x0000000000000000        0x6 ./obj/core_riscv.o
 .text.__set_MCAUSE
                0x0000000000000000        0x6 ./obj/core_riscv.o
 .text.__get_MTVAL
                0x0000000000000000        0x6 ./obj/core_riscv.o
 .text.__set_MTVAL
                0x0000000000000000        0x6 ./obj/core_riscv.o
 .text.__get_MIP
                0x0000000000000000        0x6 ./obj/core_riscv.o
 .text.__set_MIP
                0x0000000000000000        0x6 ./obj/core_riscv.o
 .text.__get_MCYCLE
                0x0000000000000000        0x6 ./obj/core_riscv.o
 .text.__set_MCYCLE
                0x0000000000000000        0x6 ./obj/core_riscv.o
 .text.__get_MCYCLEH
                0x0000000000000000        0x6 ./obj/core_riscv.o
 .text.__set_MCYCLEH
                0x0000000000000000        0x6 ./obj/core_riscv.o
 .text.__get_MINSTRET
                0x0000000000000000        0x6 ./obj/core_riscv.o
 .text.__set_MINSTRET
                0x0000000000000000        0x6 ./obj/core_riscv.o
 .text.__get_MINSTRETH
                0x0000000000000000        0x6 ./obj/core_riscv.o
 .text.__set_MINSTRETH
                0x0000000000000000        0x6 ./obj/core_riscv.o
 .text.__get_MVENDORID
                0x0000000000000000        0x6 ./obj/core_riscv.o
 .text.__get_MARCHID
                0x0000000000000000        0x6 ./obj/core_riscv.o
 .text.__get_MIMPID
                0x0000000000000000        0x6 ./obj/core_riscv.o
 .text.__get_MHARTID
                0x0000000000000000        0x6 ./obj/core_riscv.o
 .debug_info    0x0000000000000000      0x61c ./obj/core_riscv.o
 .debug_abbrev  0x0000000000000000      0x10d ./obj/core_riscv.o
 .debug_aranges
                0x0000000000000000      0x138 ./obj/core_riscv.o
 .debug_ranges  0x0000000000000000      0x128 ./obj/core_riscv.o
 .debug_line    0x0000000000000000      0x70f ./obj/core_riscv.o
 .debug_str     0x0000000000000000      0x39d ./obj/core_riscv.o
 .comment       0x0000000000000000       0x34 ./obj/core_riscv.o
 .debug_frame   0x0000000000000000      0x250 ./obj/core_riscv.o
 .text          0x0000000000000000        0x0 ./obj/printf.o
 .data          0x0000000000000000        0x0 ./obj/printf.o
 .bss           0x0000000000000000        0x0 ./obj/printf.o
 .text          0x0000000000000000        0x0 ./obj/startup_CH573.o
 .data          0x0000000000000000        0x0 ./obj/startup_CH573.o
 .bss           0x0000000000000000        0x0 ./obj/startup_CH573.o
 .text          0x0000000000000000        0x0 d:/ahl-gec-vscode-ide/ahl-gec-vscode-ide/gcc/risc-v embedded gcc/bin/../lib/gcc/riscv-none-embed/8.2.0/rv32imac/ilp32\libgcc.a(_udivdi3.o)
 .data          0x0000000000000000        0x0 d:/ahl-gec-vscode-ide/ahl-gec-vscode-ide/gcc/risc-v embedded gcc/bin/../lib/gcc/riscv-none-embed/8.2.0/rv32imac/ilp32\libgcc.a(_udivdi3.o)
 .bss           0x0000000000000000        0x0 d:/ahl-gec-vscode-ide/ahl-gec-vscode-ide/gcc/risc-v embedded gcc/bin/../lib/gcc/riscv-none-embed/8.2.0/rv32imac/ilp32\libgcc.a(_udivdi3.o)
 .eh_frame      0x0000000000000000       0x28 d:/ahl-gec-vscode-ide/ahl-gec-vscode-ide/gcc/risc-v embedded gcc/bin/../lib/gcc/riscv-none-embed/8.2.0/rv32imac/ilp32\libgcc.a(_udivdi3.o)
 .text          0x0000000000000000        0x0 d:/ahl-gec-vscode-ide/ahl-gec-vscode-ide/gcc/risc-v embedded gcc/bin/../lib/gcc/riscv-none-embed/8.2.0/rv32imac/ilp32\libgcc.a(_umoddi3.o)
 .data          0x0000000000000000        0x0 d:/ahl-gec-vscode-ide/ahl-gec-vscode-ide/gcc/risc-v embedded gcc/bin/../lib/gcc/riscv-none-embed/8.2.0/rv32imac/ilp32\libgcc.a(_umoddi3.o)
 .bss           0x0000000000000000        0x0 d:/ahl-gec-vscode-ide/ahl-gec-vscode-ide/gcc/risc-v embedded gcc/bin/../lib/gcc/riscv-none-embed/8.2.0/rv32imac/ilp32\libgcc.a(_umoddi3.o)
 .eh_frame      0x0000000000000000       0x28 d:/ahl-gec-vscode-ide/ahl-gec-vscode-ide/gcc/risc-v embedded gcc/bin/../lib/gcc/riscv-none-embed/8.2.0/rv32imac/ilp32\libgcc.a(_umoddi3.o)
 .text          0x0000000000000000        0x0 d:/ahl-gec-vscode-ide/ahl-gec-vscode-ide/gcc/risc-v embedded gcc/bin/../lib/gcc/riscv-none-embed/8.2.0/rv32imac/ilp32\libgcc.a(adddf3.o)
 .data          0x0000000000000000        0x0 d:/ahl-gec-vscode-ide/ahl-gec-vscode-ide/gcc/risc-v embedded gcc/bin/../lib/gcc/riscv-none-embed/8.2.0/rv32imac/ilp32\libgcc.a(adddf3.o)
 .bss           0x0000000000000000        0x0 d:/ahl-gec-vscode-ide/ahl-gec-vscode-ide/gcc/risc-v embedded gcc/bin/../lib/gcc/riscv-none-embed/8.2.0/rv32imac/ilp32\libgcc.a(adddf3.o)
 .text          0x0000000000000000        0x0 d:/ahl-gec-vscode-ide/ahl-gec-vscode-ide/gcc/risc-v embedded gcc/bin/../lib/gcc/riscv-none-embed/8.2.0/rv32imac/ilp32\libgcc.a(divdf3.o)
 .data          0x0000000000000000        0x0 d:/ahl-gec-vscode-ide/ahl-gec-vscode-ide/gcc/risc-v embedded gcc/bin/../lib/gcc/riscv-none-embed/8.2.0/rv32imac/ilp32\libgcc.a(divdf3.o)
 .bss           0x0000000000000000        0x0 d:/ahl-gec-vscode-ide/ahl-gec-vscode-ide/gcc/risc-v embedded gcc/bin/../lib/gcc/riscv-none-embed/8.2.0/rv32imac/ilp32\libgcc.a(divdf3.o)
 .text          0x0000000000000000        0x0 d:/ahl-gec-vscode-ide/ahl-gec-vscode-ide/gcc/risc-v embedded gcc/bin/../lib/gcc/riscv-none-embed/8.2.0/rv32imac/ilp32\libgcc.a(eqdf2.o)
 .data          0x0000000000000000        0x0 d:/ahl-gec-vscode-ide/ahl-gec-vscode-ide/gcc/risc-v embedded gcc/bin/../lib/gcc/riscv-none-embed/8.2.0/rv32imac/ilp32\libgcc.a(eqdf2.o)
 .bss           0x0000000000000000        0x0 d:/ahl-gec-vscode-ide/ahl-gec-vscode-ide/gcc/risc-v embedded gcc/bin/../lib/gcc/riscv-none-embed/8.2.0/rv32imac/ilp32\libgcc.a(eqdf2.o)
 .text          0x0000000000000000        0x0 d:/ahl-gec-vscode-ide/ahl-gec-vscode-ide/gcc/risc-v embedded gcc/bin/../lib/gcc/riscv-none-embed/8.2.0/rv32imac/ilp32\libgcc.a(ledf2.o)
 .data          0x0000000000000000        0x0 d:/ahl-gec-vscode-ide/ahl-gec-vscode-ide/gcc/risc-v embedded gcc/bin/../lib/gcc/riscv-none-embed/8.2.0/rv32imac/ilp32\libgcc.a(ledf2.o)
 .bss           0x0000000000000000        0x0 d:/ahl-gec-vscode-ide/ahl-gec-vscode-ide/gcc/risc-v embedded gcc/bin/../lib/gcc/riscv-none-embed/8.2.0/rv32imac/ilp32\libgcc.a(ledf2.o)
 .text          0x0000000000000000        0x0 d:/ahl-gec-vscode-ide/ahl-gec-vscode-ide/gcc/risc-v embedded gcc/bin/../lib/gcc/riscv-none-embed/8.2.0/rv32imac/ilp32\libgcc.a(muldf3.o)
 .data          0x0000000000000000        0x0 d:/ahl-gec-vscode-ide/ahl-gec-vscode-ide/gcc/risc-v embedded gcc/bin/../lib/gcc/riscv-none-embed/8.2.0/rv32imac/ilp32\libgcc.a(muldf3.o)
 .bss           0x0000000000000000        0x0 d:/ahl-gec-vscode-ide/ahl-gec-vscode-ide/gcc/risc-v embedded gcc/bin/../lib/gcc/riscv-none-embed/8.2.0/rv32imac/ilp32\libgcc.a(muldf3.o)
 .text          0x0000000000000000        0x0 d:/ahl-gec-vscode-ide/ahl-gec-vscode-ide/gcc/risc-v embedded gcc/bin/../lib/gcc/riscv-none-embed/8.2.0/rv32imac/ilp32\libgcc.a(subdf3.o)
 .data          0x0000000000000000        0x0 d:/ahl-gec-vscode-ide/ahl-gec-vscode-ide/gcc/risc-v embedded gcc/bin/../lib/gcc/riscv-none-embed/8.2.0/rv32imac/ilp32\libgcc.a(subdf3.o)
 .bss           0x0000000000000000        0x0 d:/ahl-gec-vscode-ide/ahl-gec-vscode-ide/gcc/risc-v embedded gcc/bin/../lib/gcc/riscv-none-embed/8.2.0/rv32imac/ilp32\libgcc.a(subdf3.o)
 .text          0x0000000000000000        0x0 d:/ahl-gec-vscode-ide/ahl-gec-vscode-ide/gcc/risc-v embedded gcc/bin/../lib/gcc/riscv-none-embed/8.2.0/rv32imac/ilp32\libgcc.a(fixdfsi.o)
 .data          0x0000000000000000        0x0 d:/ahl-gec-vscode-ide/ahl-gec-vscode-ide/gcc/risc-v embedded gcc/bin/../lib/gcc/riscv-none-embed/8.2.0/rv32imac/ilp32\libgcc.a(fixdfsi.o)
 .bss           0x0000000000000000        0x0 d:/ahl-gec-vscode-ide/ahl-gec-vscode-ide/gcc/risc-v embedded gcc/bin/../lib/gcc/riscv-none-embed/8.2.0/rv32imac/ilp32\libgcc.a(fixdfsi.o)
 .text          0x0000000000000000        0x0 d:/ahl-gec-vscode-ide/ahl-gec-vscode-ide/gcc/risc-v embedded gcc/bin/../lib/gcc/riscv-none-embed/8.2.0/rv32imac/ilp32\libgcc.a(floatsidf.o)
 .data          0x0000000000000000        0x0 d:/ahl-gec-vscode-ide/ahl-gec-vscode-ide/gcc/risc-v embedded gcc/bin/../lib/gcc/riscv-none-embed/8.2.0/rv32imac/ilp32\libgcc.a(floatsidf.o)
 .bss           0x0000000000000000        0x0 d:/ahl-gec-vscode-ide/ahl-gec-vscode-ide/gcc/risc-v embedded gcc/bin/../lib/gcc/riscv-none-embed/8.2.0/rv32imac/ilp32\libgcc.a(floatsidf.o)
 .text          0x0000000000000000        0x0 d:/ahl-gec-vscode-ide/ahl-gec-vscode-ide/gcc/risc-v embedded gcc/bin/../lib/gcc/riscv-none-embed/8.2.0/rv32imac/ilp32\libgcc.a(fixunsdfdi.o)
 .data          0x0000000000000000        0x0 d:/ahl-gec-vscode-ide/ahl-gec-vscode-ide/gcc/risc-v embedded gcc/bin/../lib/gcc/riscv-none-embed/8.2.0/rv32imac/ilp32\libgcc.a(fixunsdfdi.o)
 .bss           0x0000000000000000        0x0 d:/ahl-gec-vscode-ide/ahl-gec-vscode-ide/gcc/risc-v embedded gcc/bin/../lib/gcc/riscv-none-embed/8.2.0/rv32imac/ilp32\libgcc.a(fixunsdfdi.o)
 .text          0x0000000000000000        0x0 d:/ahl-gec-vscode-ide/ahl-gec-vscode-ide/gcc/risc-v embedded gcc/bin/../lib/gcc/riscv-none-embed/8.2.0/rv32imac/ilp32\libgcc.a(floatundidf.o)
 .data          0x0000000000000000        0x0 d:/ahl-gec-vscode-ide/ahl-gec-vscode-ide/gcc/risc-v embedded gcc/bin/../lib/gcc/riscv-none-embed/8.2.0/rv32imac/ilp32\libgcc.a(floatundidf.o)
 .bss           0x0000000000000000        0x0 d:/ahl-gec-vscode-ide/ahl-gec-vscode-ide/gcc/risc-v embedded gcc/bin/../lib/gcc/riscv-none-embed/8.2.0/rv32imac/ilp32\libgcc.a(floatundidf.o)
 .text          0x0000000000000000        0x0 d:/ahl-gec-vscode-ide/ahl-gec-vscode-ide/gcc/risc-v embedded gcc/bin/../lib/gcc/riscv-none-embed/8.2.0/rv32imac/ilp32\libgcc.a(extendsfdf2.o)
 .data          0x0000000000000000        0x0 d:/ahl-gec-vscode-ide/ahl-gec-vscode-ide/gcc/risc-v embedded gcc/bin/../lib/gcc/riscv-none-embed/8.2.0/rv32imac/ilp32\libgcc.a(extendsfdf2.o)
 .bss           0x0000000000000000        0x0 d:/ahl-gec-vscode-ide/ahl-gec-vscode-ide/gcc/risc-v embedded gcc/bin/../lib/gcc/riscv-none-embed/8.2.0/rv32imac/ilp32\libgcc.a(extendsfdf2.o)
 .text          0x0000000000000000        0x0 d:/ahl-gec-vscode-ide/ahl-gec-vscode-ide/gcc/risc-v embedded gcc/bin/../lib/gcc/riscv-none-embed/8.2.0/rv32imac/ilp32\libgcc.a(truncdfsf2.o)
 .data          0x0000000000000000        0x0 d:/ahl-gec-vscode-ide/ahl-gec-vscode-ide/gcc/risc-v embedded gcc/bin/../lib/gcc/riscv-none-embed/8.2.0/rv32imac/ilp32\libgcc.a(truncdfsf2.o)
 .bss           0x0000000000000000        0x0 d:/ahl-gec-vscode-ide/ahl-gec-vscode-ide/gcc/risc-v embedded gcc/bin/../lib/gcc/riscv-none-embed/8.2.0/rv32imac/ilp32\libgcc.a(truncdfsf2.o)
 .text          0x0000000000000000        0x0 d:/ahl-gec-vscode-ide/ahl-gec-vscode-ide/gcc/risc-v embedded gcc/bin/../lib/gcc/riscv-none-embed/8.2.0/rv32imac/ilp32\libgcc.a(_clz.o)
 .data          0x0000000000000000        0x0 d:/ahl-gec-vscode-ide/ahl-gec-vscode-ide/gcc/risc-v embedded gcc/bin/../lib/gcc/riscv-none-embed/8.2.0/rv32imac/ilp32\libgcc.a(_clz.o)
 .bss           0x0000000000000000        0x0 d:/ahl-gec-vscode-ide/ahl-gec-vscode-ide/gcc/risc-v embedded gcc/bin/../lib/gcc/riscv-none-embed/8.2.0/rv32imac/ilp32\libgcc.a(_clz.o)
 .text          0x0000000000000000        0x0 d:/ahl-gec-vscode-ide/ahl-gec-vscode-ide/gcc/risc-v embedded gcc/bin/../lib/gcc/riscv-none-embed/8.2.0/rv32imac/ilp32\libgcc.a(_clzsi2.o)
 .data          0x0000000000000000        0x0 d:/ahl-gec-vscode-ide/ahl-gec-vscode-ide/gcc/risc-v embedded gcc/bin/../lib/gcc/riscv-none-embed/8.2.0/rv32imac/ilp32\libgcc.a(_clzsi2.o)
 .bss           0x0000000000000000        0x0 d:/ahl-gec-vscode-ide/ahl-gec-vscode-ide/gcc/risc-v embedded gcc/bin/../lib/gcc/riscv-none-embed/8.2.0/rv32imac/ilp32\libgcc.a(_clzsi2.o)
 .data          0x0000000000000000        0x0 d:/ahl-gec-vscode-ide/ahl-gec-vscode-ide/gcc/risc-v embedded gcc/bin/../lib/gcc/riscv-none-embed/8.2.0/../../../../riscv-none-embed/lib/rv32imac/ilp32\libg_nano.a(lib_a-memset.o)
 .bss           0x0000000000000000        0x0 d:/ahl-gec-vscode-ide/ahl-gec-vscode-ide/gcc/risc-v embedded gcc/bin/../lib/gcc/riscv-none-embed/8.2.0/../../../../riscv-none-embed/lib/rv32imac/ilp32\libg_nano.a(lib_a-memset.o)
 .text          0x0000000000000000        0x0 d:/ahl-gec-vscode-ide/ahl-gec-vscode-ide/gcc/risc-v embedded gcc/bin/../lib/gcc/riscv-none-embed/8.2.0/../../../../riscv-none-embed/lib/rv32imac/ilp32\libg_nano.a(lib_a-strlen.o)
 .data          0x0000000000000000        0x0 d:/ahl-gec-vscode-ide/ahl-gec-vscode-ide/gcc/risc-v embedded gcc/bin/../lib/gcc/riscv-none-embed/8.2.0/../../../../riscv-none-embed/lib/rv32imac/ilp32\libg_nano.a(lib_a-strlen.o)
 .bss           0x0000000000000000        0x0 d:/ahl-gec-vscode-ide/ahl-gec-vscode-ide/gcc/risc-v embedded gcc/bin/../lib/gcc/riscv-none-embed/8.2.0/../../../../riscv-none-embed/lib/rv32imac/ilp32\libg_nano.a(lib_a-strlen.o)

Memory Configuration

Name             Origin             Length             Attributes
INIT             0x0000000000012000 0x0000000000001000 xr
FLASH            0x0000000000013000 0x0000000000012000 xr
RAM              0x0000000020005600 0x0000000000002a00 xrw
*default*        0x0000000000000000 0xffffffffffffffff

Linker script and memory map

LOAD ./obj/adc.o
LOAD ./obj/main.o
LOAD ./obj/flash.o
LOAD ./obj/gpio.o
LOAD ./obj/rf.o
LOAD ./obj/gec.o
LOAD ./obj/uart.o
LOAD ./obj/isr.o
LOAD ./obj/core_riscv.o
LOAD ./obj/printf.o
LOAD ./obj/startup_CH573.o
LOAD d:/ahl-gec-vscode-ide/ahl-gec-vscode-ide/gcc/risc-v embedded gcc/bin/../lib/gcc/riscv-none-embed/8.2.0/rv32imac/ilp32\libgcc.a
LOAD d:/ahl-gec-vscode-ide/ahl-gec-vscode-ide/gcc/risc-v embedded gcc/bin/../lib/gcc/riscv-none-embed/8.2.0/../../../../riscv-none-embed/lib/rv32imac/ilp32\libg_nano.a
LOAD d:/ahl-gec-vscode-ide/ahl-gec-vscode-ide/gcc/risc-v embedded gcc/bin/../lib/gcc/riscv-none-embed/8.2.0/../../../../riscv-none-embed/lib/rv32imac/ilp32\libc_nano.a
LOAD d:/ahl-gec-vscode-ide/ahl-gec-vscode-ide/gcc/risc-v embedded gcc/bin/../lib/gcc/riscv-none-embed/8.2.0/rv32imac/ilp32\libgcc.a
START GROUP
LOAD d:/ahl-gec-vscode-ide/ahl-gec-vscode-ide/gcc/risc-v embedded gcc/bin/../lib/gcc/riscv-none-embed/8.2.0/rv32imac/ilp32\libgcc.a
LOAD d:/ahl-gec-vscode-ide/ahl-gec-vscode-ide/gcc/risc-v embedded gcc/bin/../lib/gcc/riscv-none-embed/8.2.0/../../../../riscv-none-embed/lib/rv32imac/ilp32\libc_nano.a
LOAD d:/ahl-gec-vscode-ide/ahl-gec-vscode-ide/gcc/risc-v embedded gcc/bin/../lib/gcc/riscv-none-embed/8.2.0/../../../../riscv-none-embed/lib/rv32imac/ilp32\libnosys.a
END GROUP
START GROUP
LOAD d:/ahl-gec-vscode-ide/ahl-gec-vscode-ide/gcc/risc-v embedded gcc/bin/../lib/gcc/riscv-none-embed/8.2.0/rv32imac/ilp32\libgcc.a
LOAD d:/ahl-gec-vscode-ide/ahl-gec-vscode-ide/gcc/risc-v embedded gcc/bin/../lib/gcc/riscv-none-embed/8.2.0/../../../../riscv-none-embed/lib/rv32imac/ilp32\libc_nano.a
LOAD d:/ahl-gec-vscode-ide/ahl-gec-vscode-ide/gcc/risc-v embedded gcc/bin/../lib/gcc/riscv-none-embed/8.2.0/../../../../riscv-none-embed/lib/rv32imac/ilp32\libnosys.a
END GROUP
                0x0000000000001000                MCU_SECTORSIZE = 0x1000
                0x0000000000000000                MCU_FLASH_ADDR_START = 0x0
                0x0000000000000012                GEC_USER_SECTOR_START = 0x12
                0x0000000000000025                GEC_USER_SECTOR_END = 0x25
                0x0000000020005600                GEC_USER_RAM_START = 0x20005600
                0x0000000020007fff                GEC_USER_RAM_END = 0x20007fff

.init           0x0000000000012000        0x4
                0x0000000000012000                _sinit = .
                0x0000000000012000                . = ALIGN (0x4)
 *(SORT_NONE(.init))
 .init          0x0000000000012000        0x4 ./obj/startup_CH573.o
                0x0000000000012000                _start
                0x0000000000012004                . = ALIGN (0x4)
                0x0000000000012004                _einit = .

.vector         0x0000000000012004       0xe8
                0x0000000000012004                . = ALIGN (0x4)
 *(.vector)
 .vector        0x0000000000012004       0x90 ./obj/startup_CH573.o
                0x0000000000012094                . = ALIGN (0x4)
 *(.vector_handler)
 .vector_handler
                0x0000000000012094       0x58 ./obj/startup_CH573.o
                0x0000000000012094                NMI_Handler
                0x0000000000012098                HardFault_Handler
                0x000000000001209c                SysTick_Handler
                0x00000000000120a0                SW_Handler
                0x00000000000120a4                TMR0_IRQHandler
                0x00000000000120a8                GPIOA_IRQHandler
                0x00000000000120ac                GPIOB_IRQHandler
                0x00000000000120b0                SPI0_IRQHandler
                0x00000000000120b4                BB_IRQHandler
                0x00000000000120b8                LLE_IRQHandler
                0x00000000000120bc                USB_IRQHandler
                0x00000000000120c0                TMR1_IRQHandler
                0x00000000000120c4                TMR2_IRQHandler
                0x00000000000120cc                UART1_IRQHandler
                0x00000000000120d0                RTC_IRQHandler
                0x00000000000120d4                ADC_IRQHandler
                0x00000000000120d8                PWMX_IRQHandler
                0x00000000000120dc                TMR3_IRQHandler
                0x00000000000120e0                UART2_IRQHandler
                0x00000000000120e4                UART3_IRQHandler
                0x00000000000120e8                WDOG_BAT_IRQHandler
                0x00000000000120ec                . = ALIGN (0x4)

.highcodelalign
                0x0000000000013000        0x0
                0x0000000000013000                . = ALIGN (0x4)
                0x0000000000013000                PROVIDE (_highcode_lma = .)

.highcode       0x0000000020005600        0x0 load address 0x0000000000013000
                0x0000000020005600                . = ALIGN (0x4)
                0x0000000020005600                PROVIDE (_highcode_vma_start = .)
 *(.highcode)
                0x0000000020005600                . = ALIGN (0x4)
 *(.highcode.*)
                0x0000000020005600                PROVIDE (_highcode_vma_end = .)
                0x0000000020005600                . = ALIGN (0x4)

.text           0x0000000000013000     0x4ac8
                0x0000000000013000                . = ALIGN (0x4)
 *(SORT_NONE(.handle_reset))
 .handle_reset  0x0000000000013000       0xc0 ./obj/startup_CH573.o
                0x0000000000013000                handle_reset
 *(.text)
 .text          0x00000000000130c0       0xa8 d:/ahl-gec-vscode-ide/ahl-gec-vscode-ide/gcc/risc-v embedded gcc/bin/../lib/gcc/riscv-none-embed/8.2.0/../../../../riscv-none-embed/lib/rv32imac/ilp32\libg_nano.a(lib_a-memset.o)
                0x00000000000130c0                memset
                0x0000000000013168                . = ALIGN (0x4)
 *(.text.*)
 .text.adc_init
                0x0000000000013168      0x112 ./obj/adc.o
                0x0000000000013168                adc_init
 .text.adc_read
                0x000000000001327a      0x2a0 ./obj/adc.o
                0x000000000001327a                adc_read
 .text.adc_mid  0x000000000001351a       0x80 ./obj/adc.o
                0x000000000001351a                adc_mid
 .text.adc_ave  0x000000000001359a       0x54 ./obj/adc.o
                0x000000000001359a                adc_ave
 .text.adc_mcu_temp
                0x00000000000135ee       0x78 ./obj/adc.o
                0x00000000000135ee                adc_mcu_temp
 .text.main     0x0000000000013666      0x382 ./obj/main.o
                0x0000000000013666                main
 .text.flash_erase
                0x00000000000139e8       0x26 ./obj/flash.o
                0x00000000000139e8                flash_erase
 .text.flash_Best
                0x0000000000013a0e       0x28 ./obj/flash.o
                0x0000000000013a0e                flash_Best
 .text.flash_read_logic
                0x0000000000013a36       0x26 ./obj/flash.o
                0x0000000000013a36                flash_read_logic
 .text.flash_write
                0x0000000000013a5c       0xcc ./obj/flash.o
                0x0000000000013a5c                flash_write
 .text.gpio_set
                0x0000000000013b28       0x72 ./obj/gpio.o
                0x0000000000013b28                gpio_set
 .text.gpio_init
                0x0000000000013b9a       0x7e ./obj/gpio.o
                0x0000000000013b9a                gpio_init
 .text.IRQ_OPC_CHANGE
                0x0000000000013c18       0xb8 ./obj/gec.o
                0x0000000000013c18                IRQ_OPC_CHANGE
 .text.Vectors_Init
                0x0000000000013cd0       0x80 ./obj/gec.o
                0x0000000000013cd0                Vectors_Init
 .text.uart_init
                0x0000000000013d50      0x228 ./obj/uart.o
                0x0000000000013d50                uart_init
 .text.uart_send1
                0x0000000000013f78      0x10e ./obj/uart.o
                0x0000000000013f78                uart_send1
 .text.uart_re1
                0x0000000000014086       0x7e ./obj/uart.o
                0x0000000000014086                uart_re1
 .text.uart_enable_re_int
                0x0000000000014104       0xc6 ./obj/uart.o
                0x0000000000014104                uart_enable_re_int
 .text.UART0_IRQHandler
                0x00000000000141ca       0x22 ./obj/isr.o
                0x00000000000141ca                UART0_IRQHandler
 .text.printk_putc
                0x00000000000141ec       0x3c ./obj/printf.o
 .text.printk_mknumstr
                0x0000000000014228       0x82 ./obj/printf.o
 .text.printk_pad_space
                0x00000000000142aa       0x3c ./obj/printf.o
 .text.out_char
                0x00000000000142e6       0x18 ./obj/printf.o
                0x00000000000142e6                out_char
 .text.printk_mkfloatstr
                0x00000000000142fe      0x2e8 ./obj/printf.o
                0x00000000000142fe                printk_mkfloatstr
 .text.printk   0x00000000000145e6      0x6e2 ./obj/printf.o
                0x00000000000145e6                printk
 .text.myprintf
                0x0000000000014cc8       0x36 ./obj/printf.o
                0x0000000000014cc8                myprintf
 .text.__udivdi3
                0x0000000000014cfe      0x398 d:/ahl-gec-vscode-ide/ahl-gec-vscode-ide/gcc/risc-v embedded gcc/bin/../lib/gcc/riscv-none-embed/8.2.0/rv32imac/ilp32\libgcc.a(_udivdi3.o)
                0x0000000000014cfe                __udivdi3
 .text.__umoddi3
                0x0000000000015096      0x38e d:/ahl-gec-vscode-ide/ahl-gec-vscode-ide/gcc/risc-v embedded gcc/bin/../lib/gcc/riscv-none-embed/8.2.0/rv32imac/ilp32\libgcc.a(_umoddi3.o)
                0x0000000000015096                __umoddi3
 .text.__adddf3
                0x0000000000015424      0x738 d:/ahl-gec-vscode-ide/ahl-gec-vscode-ide/gcc/risc-v embedded gcc/bin/../lib/gcc/riscv-none-embed/8.2.0/rv32imac/ilp32\libgcc.a(adddf3.o)
                0x0000000000015424                __adddf3
 .text.__divdf3
                0x0000000000015b5c      0x5c4 d:/ahl-gec-vscode-ide/ahl-gec-vscode-ide/gcc/risc-v embedded gcc/bin/../lib/gcc/riscv-none-embed/8.2.0/rv32imac/ilp32\libgcc.a(divdf3.o)
                0x0000000000015b5c                __divdf3
 .text.__eqdf2  0x0000000000016120       0x6a d:/ahl-gec-vscode-ide/ahl-gec-vscode-ide/gcc/risc-v embedded gcc/bin/../lib/gcc/riscv-none-embed/8.2.0/rv32imac/ilp32\libgcc.a(eqdf2.o)
                0x0000000000016120                __nedf2
                0x0000000000016120                __eqdf2
 .text.__ledf2  0x000000000001618a       0xb6 d:/ahl-gec-vscode-ide/ahl-gec-vscode-ide/gcc/risc-v embedded gcc/bin/../lib/gcc/riscv-none-embed/8.2.0/rv32imac/ilp32\libgcc.a(ledf2.o)
                0x000000000001618a                __ledf2
                0x000000000001618a                __ltdf2
 .text.__muldf3
                0x0000000000016240      0x4c8 d:/ahl-gec-vscode-ide/ahl-gec-vscode-ide/gcc/risc-v embedded gcc/bin/../lib/gcc/riscv-none-embed/8.2.0/rv32imac/ilp32\libgcc.a(muldf3.o)
                0x0000000000016240                __muldf3
 .text.__subdf3
                0x0000000000016708      0x746 d:/ahl-gec-vscode-ide/ahl-gec-vscode-ide/gcc/risc-v embedded gcc/bin/../lib/gcc/riscv-none-embed/8.2.0/rv32imac/ilp32\libgcc.a(subdf3.o)
                0x0000000000016708                __subdf3
 .text.__fixdfsi
                0x0000000000016e4e       0x68 d:/ahl-gec-vscode-ide/ahl-gec-vscode-ide/gcc/risc-v embedded gcc/bin/../lib/gcc/riscv-none-embed/8.2.0/rv32imac/ilp32\libgcc.a(fixdfsi.o)
                0x0000000000016e4e                __fixdfsi
 .text.__floatsidf
                0x0000000000016eb6       0x76 d:/ahl-gec-vscode-ide/ahl-gec-vscode-ide/gcc/risc-v embedded gcc/bin/../lib/gcc/riscv-none-embed/8.2.0/rv32imac/ilp32\libgcc.a(floatsidf.o)
                0x0000000000016eb6                __floatsidf
 .text.__fixunsdfdi
                0x0000000000016f2c       0x9e d:/ahl-gec-vscode-ide/ahl-gec-vscode-ide/gcc/risc-v embedded gcc/bin/../lib/gcc/riscv-none-embed/8.2.0/rv32imac/ilp32\libgcc.a(fixunsdfdi.o)
                0x0000000000016f2c                __fixunsdfdi
 .text.__floatundidf
                0x0000000000016fca      0x194 d:/ahl-gec-vscode-ide/ahl-gec-vscode-ide/gcc/risc-v embedded gcc/bin/../lib/gcc/riscv-none-embed/8.2.0/rv32imac/ilp32\libgcc.a(floatundidf.o)
                0x0000000000016fca                __floatundidf
 .text.__extendsfdf2
                0x000000000001715e       0xb2 d:/ahl-gec-vscode-ide/ahl-gec-vscode-ide/gcc/risc-v embedded gcc/bin/../lib/gcc/riscv-none-embed/8.2.0/rv32imac/ilp32\libgcc.a(extendsfdf2.o)
                0x000000000001715e                __extendsfdf2
 .text.__truncdfsf2
                0x0000000000017210      0x16a d:/ahl-gec-vscode-ide/ahl-gec-vscode-ide/gcc/risc-v embedded gcc/bin/../lib/gcc/riscv-none-embed/8.2.0/rv32imac/ilp32\libgcc.a(truncdfsf2.o)
                0x0000000000017210                __truncdfsf2
 .text.__clzsi2
                0x000000000001737a       0x76 d:/ahl-gec-vscode-ide/ahl-gec-vscode-ide/gcc/risc-v embedded gcc/bin/../lib/gcc/riscv-none-embed/8.2.0/rv32imac/ilp32\libgcc.a(_clzsi2.o)
                0x000000000001737a                __clzsi2
 .text.strlen   0x00000000000173f0       0x12 d:/ahl-gec-vscode-ide/ahl-gec-vscode-ide/gcc/risc-v embedded gcc/bin/../lib/gcc/riscv-none-embed/8.2.0/../../../../riscv-none-embed/lib/rv32imac/ilp32\libg_nano.a(lib_a-strlen.o)
                0x00000000000173f0                strlen
                0x0000000000017404                . = ALIGN (0x4)
 *fill*         0x0000000000017402        0x2 
 *(.rodata)
                0x0000000000017404                . = ALIGN (0x4)
 *(.rodata*)
 .rodata.adc_init
                0x0000000000017404       0x48 ./obj/adc.o
 *fill*         0x000000000001744c        0x4 
 .rodata.adc_mcu_temp.cst8
                0x0000000000017450       0x10 ./obj/adc.o
 .rodata.adc_read.cst8
                0x0000000000017460       0x40 ./obj/adc.o
 .rodata.main.cst8
                0x00000000000174a0       0x18 ./obj/main.o
                                         0x20 (size before relaxing)
 .rodata.main.str1.4
                0x00000000000174b8      0x382 ./obj/main.o
 *fill*         0x000000000001783a        0x2 
 .rodata.Vectors_Init.str1.4
                0x000000000001783c       0x30 ./obj/gec.o
                                         0x2f (size before relaxing)
 .rodata.printk
                0x000000000001786c       0xc8 ./obj/printf.o
 *fill*         0x0000000000017934        0x4 
 .rodata.printk_mkfloatstr.cst8
                0x0000000000017938       0x10 ./obj/printf.o
 .rodata.__divdf3
                0x0000000000017948       0x40 d:/ahl-gec-vscode-ide/ahl-gec-vscode-ide/gcc/risc-v embedded gcc/bin/../lib/gcc/riscv-none-embed/8.2.0/rv32imac/ilp32\libgcc.a(divdf3.o)
 .rodata.__muldf3
                0x0000000000017988       0x40 d:/ahl-gec-vscode-ide/ahl-gec-vscode-ide/gcc/risc-v embedded gcc/bin/../lib/gcc/riscv-none-embed/8.2.0/rv32imac/ilp32\libgcc.a(muldf3.o)
 .rodata.__clz_tab
                0x00000000000179c8      0x100 d:/ahl-gec-vscode-ide/ahl-gec-vscode-ide/gcc/risc-v embedded gcc/bin/../lib/gcc/riscv-none-embed/8.2.0/rv32imac/ilp32\libgcc.a(_clz.o)
                0x00000000000179c8                __clz_tab
                0x0000000000017ac8                . = ALIGN (0x4)
 *(.sdata2.*)
                0x0000000000017ac8                . = ALIGN (0x4)
 *(.glue_7)
                0x0000000000017ac8                . = ALIGN (0x4)
 *(.glue_7t)
                0x0000000000017ac8                . = ALIGN (0x4)
 *(.gnu.linkonce.t.*)
                0x0000000000017ac8                . = ALIGN (0x4)

.rela.dyn       0x0000000000017ac8        0x0
 .rela.text.adc_mcu_temp
                0x0000000000017ac8        0x0 ./obj/adc.o
 .rela.text.flash_erase
                0x0000000000017ac8        0x0 ./obj/adc.o
 .rela.text.flash_Best
                0x0000000000017ac8        0x0 ./obj/adc.o
 .rela.text.IRQ_OPC_CHANGE
                0x0000000000017ac8        0x0 ./obj/adc.o
 .rela.text.Vectors_Init
                0x0000000000017ac8        0x0 ./obj/adc.o
 .rela.init     0x0000000000017ac8        0x0 ./obj/adc.o
 .rela.vector   0x0000000000017ac8        0x0 ./obj/adc.o
 .rela.handle_reset
                0x0000000000017ac8        0x0 ./obj/adc.o

.fini           0x0000000000017ac8        0x0
 *(SORT_NONE(.fini))
                0x0000000000017ac8                . = ALIGN (0x4)
                [!provide]                        PROVIDE (_etext = .)
                [!provide]                        PROVIDE (_eitcm = .)

.preinit_array  0x0000000000017ac8        0x0
                [!provide]                        PROVIDE (__preinit_array_start = .)
 *(.preinit_array)
                [!provide]                        PROVIDE (__preinit_array_end = .)

.init_array     0x0000000000017ac8        0x0
                [!provide]                        PROVIDE (__init_array_start = .)
 *(SORT_BY_INIT_PRIORITY(.init_array.*) SORT_BY_INIT_PRIORITY(.ctors.*))
 *(.init_array EXCLUDE_FILE(*crtend?.o *crtend.o *crtbegin?.o *crtbegin.o) .ctors)
                [!provide]                        PROVIDE (__init_array_end = .)

.fini_array     0x0000000000017ac8        0x0
                [!provide]                        PROVIDE (__fini_array_start = .)
 *(SORT_BY_INIT_PRIORITY(.fini_array.*) SORT_BY_INIT_PRIORITY(.dtors.*))
 *(.fini_array EXCLUDE_FILE(*crtend?.o *crtend.o *crtbegin?.o *crtbegin.o) .dtors)
                [!provide]                        PROVIDE (__fini_array_end = .)

.ctors
 *crtbegin.o(.ctors)
 *crtbegin?.o(.ctors)
 *(EXCLUDE_FILE(*crtend?.o *crtend.o) .ctors)
 *(SORT_BY_NAME(.ctors.*))
 *(.ctors)

.dtors
 *crtbegin.o(.dtors)
 *crtbegin?.o(.dtors)
 *(EXCLUDE_FILE(*crtend?.o *crtend.o) .dtors)
 *(SORT_BY_NAME(.dtors.*))
 *(.dtors)

.dalign         0x0000000020005600       0x80 load address 0x0000000000017ac8
                0x0000000020005680                . = (ORIGIN (RAM) + MAX (0x80, SIZEOF (.highcode)))
 *fill*         0x0000000020005600       0x80 

.dlalign        0x0000000000017ac8        0x0
                0x0000000000017ac8                . = ALIGN (0x4)
                0x0000000000017ac8                PROVIDE (_data_lma = .)

.data           0x0000000020005680       0x30 load address 0x0000000000017ac8
                0x0000000020005680                PROVIDE (_data_vma = .)
 *(.gnu.linkonce.r.*)
 *(.data .data.*)
 .data.diffName
                0x0000000020005680        0xa ./obj/main.o
 *(.gnu.linkonce.d.*)
                0x0000000020005690                . = ALIGN (0x8)
 *fill*         0x000000002000568a        0x6 
                0x0000000020005e90                PROVIDE (__global_pointer$ = (. + 0x800))
 *(.sdata .sdata.*)
 .sdata.diffPinName1
                0x0000000020005690        0x5 ./obj/main.o
 *fill*         0x0000000020005695        0x3 
 .sdata.diffPinName2
                0x0000000020005698        0x4 ./obj/main.o
 .sdata.singleName
                0x000000002000569c        0x6 ./obj/main.o
 *fill*         0x00000000200056a2        0x2 
 .sdata.singlePinName
                0x00000000200056a4        0x5 ./obj/main.o
 *(.gnu.linkonce.s.*)
                0x00000000200056b0                . = ALIGN (0x8)
 *fill*         0x00000000200056a9        0x7 
 *(.srodata.cst16)
 *(.srodata.cst8)
 *(.srodata.cst4)
 *(.srodata.cst2)
 *(.srodata .srodata.*)
                0x00000000200056b0                . = ALIGN (0x4)
                0x00000000200056b0                PROVIDE (_edata = .)

.bss            0x00000000200056b0        0x8 load address 0x0000000000017af8
                0x00000000200056b0                . = ALIGN (0x4)
                0x00000000200056b0                PROVIDE (_sbss = .)
 *(.sbss*)
 *(.gnu.linkonce.sb.*)
 *(.bss*)
 *(.gnu.linkonce.b.*)
 *(COMMON*)
 COMMON         0x00000000200056b0        0x8 ./obj/main.o
                0x00000000200056b0                g_f1
                0x00000000200056b4                component_fun
                0x00000000200056b8                . = ALIGN (0x4)
                0x00000000200056b8                PROVIDE (_ebss = .)
                [!provide]                        PROVIDE (_end = _ebss)
                [!provide]                        PROVIDE (end = .)

.stack          0x0000000020008000        0x0
                0x0000000020008000                . = ALIGN (0x4)
                0x0000000020008000                PROVIDE (_eusrstack = .)
OUTPUT(ADC-CH573.elf elf32-littleriscv)

.debug_info     0x0000000000000000     0x736b
 .debug_info    0x0000000000000000      0xdc1 ./obj/adc.o
 .debug_info    0x0000000000000dc1      0xf33 ./obj/main.o
 .debug_info    0x0000000000001cf4      0xf46 ./obj/flash.o
 .debug_info    0x0000000000002c3a      0x8d2 ./obj/gpio.o
 .debug_info    0x000000000000350c      0xc3b ./obj/gec.o
 .debug_info    0x0000000000004147     0x1152 ./obj/uart.o
 .debug_info    0x0000000000005299      0xa70 ./obj/isr.o
 .debug_info    0x0000000000005d09     0x1640 ./obj/printf.o
 .debug_info    0x0000000000007349       0x22 ./obj/startup_CH573.o

.debug_abbrev   0x0000000000000000     0x1823
 .debug_abbrev  0x0000000000000000      0x30c ./obj/adc.o
 .debug_abbrev  0x000000000000030c      0x266 ./obj/main.o
 .debug_abbrev  0x0000000000000572      0x2f9 ./obj/flash.o
 .debug_abbrev  0x000000000000086b      0x2a0 ./obj/gpio.o
 .debug_abbrev  0x0000000000000b0b      0x2bf ./obj/gec.o
 .debug_abbrev  0x0000000000000dca      0x404 ./obj/uart.o
 .debug_abbrev  0x00000000000011ce      0x26e ./obj/isr.o
 .debug_abbrev  0x000000000000143c      0x3d5 ./obj/printf.o
 .debug_abbrev  0x0000000000001811       0x12 ./obj/startup_CH573.o

.debug_loc      0x0000000000000000     0x34d5
 .debug_loc     0x0000000000000000      0x4c2 ./obj/adc.o
 .debug_loc     0x00000000000004c2       0x9d ./obj/main.o
 .debug_loc     0x000000000000055f      0x6eb ./obj/flash.o
 .debug_loc     0x0000000000000c4a      0x9a2 ./obj/gpio.o
 .debug_loc     0x00000000000015ec      0x2a1 ./obj/gec.o
 .debug_loc     0x000000000000188d      0x8a8 ./obj/uart.o
 .debug_loc     0x0000000000002135       0x13 ./obj/isr.o
 .debug_loc     0x0000000000002148     0x138d ./obj/printf.o

.debug_aranges  0x0000000000000000      0x270
 .debug_aranges
                0x0000000000000000       0x40 ./obj/adc.o
 .debug_aranges
                0x0000000000000040       0x20 ./obj/main.o
 .debug_aranges
                0x0000000000000060       0x68 ./obj/flash.o
 .debug_aranges
                0x00000000000000c8       0x60 ./obj/gpio.o
 .debug_aranges
                0x0000000000000128       0x30 ./obj/gec.o
 .debug_aranges
                0x0000000000000158       0x70 ./obj/uart.o
 .debug_aranges
                0x00000000000001c8       0x20 ./obj/isr.o
 .debug_aranges
                0x00000000000001e8       0x50 ./obj/printf.o
 .debug_aranges
                0x0000000000000238       0x38 ./obj/startup_CH573.o

.debug_ranges   0x0000000000000000      0x270
 .debug_ranges  0x0000000000000000       0x58 ./obj/adc.o
 .debug_ranges  0x0000000000000058       0x10 ./obj/main.o
 .debug_ranges  0x0000000000000068       0x58 ./obj/flash.o
 .debug_ranges  0x00000000000000c0       0x50 ./obj/gpio.o
 .debug_ranges  0x0000000000000110       0x20 ./obj/gec.o
 .debug_ranges  0x0000000000000130       0x60 ./obj/uart.o
 .debug_ranges  0x0000000000000190       0x10 ./obj/isr.o
 .debug_ranges  0x00000000000001a0       0xa0 ./obj/printf.o
 .debug_ranges  0x0000000000000240       0x30 ./obj/startup_CH573.o

.debug_line     0x0000000000000000     0x62b5
 .debug_line    0x0000000000000000      0x9db ./obj/adc.o
 .debug_line    0x00000000000009db      0x750 ./obj/main.o
 .debug_line    0x000000000000112b      0x62e ./obj/flash.o
 .debug_line    0x0000000000001759      0xdfe ./obj/gpio.o
 .debug_line    0x0000000000002557      0x6a0 ./obj/gec.o
 .debug_line    0x0000000000002bf7     0x18dc ./obj/uart.o
 .debug_line    0x00000000000044d3      0x42f ./obj/isr.o
 .debug_line    0x0000000000004902     0x1774 ./obj/printf.o
 .debug_line    0x0000000000006076      0x23f ./obj/startup_CH573.o

.debug_str      0x0000000000000000      0xd23
 .debug_str     0x0000000000000000      0x608 ./obj/adc.o
                                        0x68e (size before relaxing)
 .debug_str     0x0000000000000608       0xc4 ./obj/main.o
                                        0x6d3 (size before relaxing)
 .debug_str     0x00000000000006cc       0xfc ./obj/flash.o
                                        0x6ec (size before relaxing)
 .debug_str     0x00000000000007c8      0x24d ./obj/gpio.o
                                        0x46a (size before relaxing)
 .debug_str     0x0000000000000a15       0x7b ./obj/gec.o
                                        0x770 (size before relaxing)
 .debug_str     0x0000000000000a90       0xbf ./obj/uart.o
                                        0x889 (size before relaxing)
 .debug_str     0x0000000000000b4f       0x36 ./obj/isr.o
                                        0x641 (size before relaxing)
 .debug_str     0x0000000000000b85      0x17d ./obj/printf.o
                                        0x778 (size before relaxing)
 .debug_str     0x0000000000000d02       0x21 ./obj/startup_CH573.o
                                         0x85 (size before relaxing)

.comment        0x0000000000000000       0x33
 .comment       0x0000000000000000       0x33 ./obj/adc.o
                                         0x34 (size before relaxing)
 .comment       0x0000000000000033       0x34 ./obj/main.o
 .comment       0x0000000000000033       0x34 ./obj/flash.o
 .comment       0x0000000000000033       0x34 ./obj/gpio.o
 .comment       0x0000000000000033       0x34 ./obj/gec.o
 .comment       0x0000000000000033       0x34 ./obj/uart.o
 .comment       0x0000000000000033       0x34 ./obj/isr.o
 .comment       0x0000000000000033       0x34 ./obj/printf.o

.debug_frame    0x0000000000000000      0x8ac
 .debug_frame   0x0000000000000000       0xe4 ./obj/adc.o
 .debug_frame   0x00000000000000e4       0x40 ./obj/main.o
 .debug_frame   0x0000000000000124      0x138 ./obj/flash.o
 .debug_frame   0x000000000000025c       0xb0 ./obj/gpio.o
 .debug_frame   0x000000000000030c       0x5c ./obj/gec.o
 .debug_frame   0x0000000000000368      0x104 ./obj/uart.o
 .debug_frame   0x000000000000046c       0x28 ./obj/isr.o
 .debug_frame   0x0000000000000494      0x14c ./obj/printf.o
 .debug_frame   0x00000000000005e0       0x44 d:/ahl-gec-vscode-ide/ahl-gec-vscode-ide/gcc/risc-v embedded gcc/bin/../lib/gcc/riscv-none-embed/8.2.0/rv32imac/ilp32\libgcc.a(adddf3.o)
 .debug_frame   0x0000000000000624       0x50 d:/ahl-gec-vscode-ide/ahl-gec-vscode-ide/gcc/risc-v embedded gcc/bin/../lib/gcc/riscv-none-embed/8.2.0/rv32imac/ilp32\libgcc.a(divdf3.o)
 .debug_frame   0x0000000000000674       0x20 d:/ahl-gec-vscode-ide/ahl-gec-vscode-ide/gcc/risc-v embedded gcc/bin/../lib/gcc/riscv-none-embed/8.2.0/rv32imac/ilp32\libgcc.a(eqdf2.o)
 .debug_frame   0x0000000000000694       0x20 d:/ahl-gec-vscode-ide/ahl-gec-vscode-ide/gcc/risc-v embedded gcc/bin/../lib/gcc/riscv-none-embed/8.2.0/rv32imac/ilp32\libgcc.a(ledf2.o)
 .debug_frame   0x00000000000006b4       0x54 d:/ahl-gec-vscode-ide/ahl-gec-vscode-ide/gcc/risc-v embedded gcc/bin/../lib/gcc/riscv-none-embed/8.2.0/rv32imac/ilp32\libgcc.a(muldf3.o)
 .debug_frame   0x0000000000000708       0x44 d:/ahl-gec-vscode-ide/ahl-gec-vscode-ide/gcc/risc-v embedded gcc/bin/../lib/gcc/riscv-none-embed/8.2.0/rv32imac/ilp32\libgcc.a(subdf3.o)
 .debug_frame   0x000000000000074c       0x20 d:/ahl-gec-vscode-ide/ahl-gec-vscode-ide/gcc/risc-v embedded gcc/bin/../lib/gcc/riscv-none-embed/8.2.0/rv32imac/ilp32\libgcc.a(fixdfsi.o)
 .debug_frame   0x000000000000076c       0x38 d:/ahl-gec-vscode-ide/ahl-gec-vscode-ide/gcc/risc-v embedded gcc/bin/../lib/gcc/riscv-none-embed/8.2.0/rv32imac/ilp32\libgcc.a(floatsidf.o)
 .debug_frame   0x00000000000007a4       0x20 d:/ahl-gec-vscode-ide/ahl-gec-vscode-ide/gcc/risc-v embedded gcc/bin/../lib/gcc/riscv-none-embed/8.2.0/rv32imac/ilp32\libgcc.a(fixunsdfdi.o)
 .debug_frame   0x00000000000007c4       0x50 d:/ahl-gec-vscode-ide/ahl-gec-vscode-ide/gcc/risc-v embedded gcc/bin/../lib/gcc/riscv-none-embed/8.2.0/rv32imac/ilp32\libgcc.a(floatundidf.o)
 .debug_frame   0x0000000000000814       0x38 d:/ahl-gec-vscode-ide/ahl-gec-vscode-ide/gcc/risc-v embedded gcc/bin/../lib/gcc/riscv-none-embed/8.2.0/rv32imac/ilp32\libgcc.a(extendsfdf2.o)
 .debug_frame   0x000000000000084c       0x20 d:/ahl-gec-vscode-ide/ahl-gec-vscode-ide/gcc/risc-v embedded gcc/bin/../lib/gcc/riscv-none-embed/8.2.0/rv32imac/ilp32\libgcc.a(truncdfsf2.o)
 .debug_frame   0x000000000000086c       0x20 d:/ahl-gec-vscode-ide/ahl-gec-vscode-ide/gcc/risc-v embedded gcc/bin/../lib/gcc/riscv-none-embed/8.2.0/rv32imac/ilp32\libgcc.a(_clzsi2.o)
 .debug_frame   0x000000000000088c       0x20 d:/ahl-gec-vscode-ide/ahl-gec-vscode-ide/gcc/risc-v embedded gcc/bin/../lib/gcc/riscv-none-embed/8.2.0/../../../../riscv-none-embed/lib/rv32imac/ilp32\libg_nano.a(lib_a-strlen.o)
