Archive member included to satisfy reference by file (symbol)

d:/ahl-mcu6-v1.7-20230811/risc-v embedded gcc/risc-v embedded gcc/bin/../lib/gcc/riscv-none-embed/8.2.0/rv32imac/ilp32\libgcc.a(_udivdi3.o)
                              ./obj/printf.o (__udivdi3)
d:/ahl-mcu6-v1.7-20230811/risc-v embedded gcc/risc-v embedded gcc/bin/../lib/gcc/riscv-none-embed/8.2.0/rv32imac/ilp32\libgcc.a(_umoddi3.o)
                              ./obj/printf.o (__umoddi3)
d:/ahl-mcu6-v1.7-20230811/risc-v embedded gcc/risc-v embedded gcc/bin/../lib/gcc/riscv-none-embed/8.2.0/rv32imac/ilp32\libgcc.a(eqdf2.o)
                              ./obj/printf.o (__nedf2)
d:/ahl-mcu6-v1.7-20230811/risc-v embedded gcc/risc-v embedded gcc/bin/../lib/gcc/riscv-none-embed/8.2.0/rv32imac/ilp32\libgcc.a(ledf2.o)
                              ./obj/printf.o (__ltdf2)
d:/ahl-mcu6-v1.7-20230811/risc-v embedded gcc/risc-v embedded gcc/bin/../lib/gcc/riscv-none-embed/8.2.0/rv32imac/ilp32\libgcc.a(muldf3.o)
                              ./obj/printf.o (__muldf3)
d:/ahl-mcu6-v1.7-20230811/risc-v embedded gcc/risc-v embedded gcc/bin/../lib/gcc/riscv-none-embed/8.2.0/rv32imac/ilp32\libgcc.a(subdf3.o)
                              ./obj/printf.o (__subdf3)
d:/ahl-mcu6-v1.7-20230811/risc-v embedded gcc/risc-v embedded gcc/bin/../lib/gcc/riscv-none-embed/8.2.0/rv32imac/ilp32\libgcc.a(fixunsdfdi.o)
                              ./obj/printf.o (__fixunsdfdi)
d:/ahl-mcu6-v1.7-20230811/risc-v embedded gcc/risc-v embedded gcc/bin/../lib/gcc/riscv-none-embed/8.2.0/rv32imac/ilp32\libgcc.a(floatundidf.o)
                              ./obj/printf.o (__floatundidf)
d:/ahl-mcu6-v1.7-20230811/risc-v embedded gcc/risc-v embedded gcc/bin/../lib/gcc/riscv-none-embed/8.2.0/rv32imac/ilp32\libgcc.a(_clz.o)
                              d:/ahl-mcu6-v1.7-20230811/risc-v embedded gcc/risc-v embedded gcc/bin/../lib/gcc/riscv-none-embed/8.2.0/rv32imac/ilp32\libgcc.a(_udivdi3.o) (__clz_tab)
d:/ahl-mcu6-v1.7-20230811/risc-v embedded gcc/risc-v embedded gcc/bin/../lib/gcc/riscv-none-embed/8.2.0/rv32imac/ilp32\libgcc.a(_clzsi2.o)
                              d:/ahl-mcu6-v1.7-20230811/risc-v embedded gcc/risc-v embedded gcc/bin/../lib/gcc/riscv-none-embed/8.2.0/rv32imac/ilp32\libgcc.a(muldf3.o) (__clzsi2)
d:/ahl-mcu6-v1.7-20230811/risc-v embedded gcc/risc-v embedded gcc/bin/../lib/gcc/riscv-none-embed/8.2.0/../../../../riscv-none-embed/lib/rv32imac/ilp32\libg_nano.a(lib_a-memset.o)
                              ./obj/printf.o (memset)
d:/ahl-mcu6-v1.7-20230811/risc-v embedded gcc/risc-v embedded gcc/bin/../lib/gcc/riscv-none-embed/8.2.0/../../../../riscv-none-embed/lib/rv32imac/ilp32\libg_nano.a(lib_a-strlen.o)
                              ./obj/uart.o (strlen)

Allocating common symbols
Common symbol       size              file

rfsend              0xfa              ./obj/main.o
rftaskID            0x1               ./obj/main.o
rflength            0x1               ./obj/main.o
gcRFStaddr          0x2               ./obj/main.o
gcRFHdaddr          0x4               ./obj/main.o
component_fun       0x4               ./obj/main.o
data                0xa               ./obj/main.o

Discarded input sections

 .text          0x0000000000000000        0x0 ./obj/main.o
 .data          0x0000000000000000        0x0 ./obj/main.o
 .bss           0x0000000000000000        0x0 ./obj/main.o
 .text          0x0000000000000000        0x0 ./obj/flash.o
 .data          0x0000000000000000        0x0 ./obj/flash.o
 .bss           0x0000000000000000        0x0 ./obj/flash.o
 .text.flash_init
                0x0000000000000000       0x20 ./obj/flash.o
 .text.flash_write_sect
                0x0000000000000000       0x28 ./obj/flash.o
 .text.flash_write_physical
                0x0000000000000000       0x2c ./obj/flash.o
 .text.flash_read_physical
                0x0000000000000000       0x20 ./obj/flash.o
 .text.flash_isempty
                0x0000000000000000       0x24 ./obj/flash.o
 .text.flash_write_DoubleWord
                0x0000000000000000       0x42 ./obj/flash.o
 .text          0x0000000000000000        0x0 ./obj/gpio.o
 .data          0x0000000000000000        0x0 ./obj/gpio.o
 .bss           0x0000000000000000        0x0 ./obj/gpio.o
 .text.gpio_get
                0x0000000000000000       0x98 ./obj/gpio.o
 .text.gpio_reverse
                0x0000000000000000       0x7e ./obj/gpio.o
 .text.gpio_pull
                0x0000000000000000       0xae ./obj/gpio.o
 .text.gpio_enable_int
                0x0000000000000000      0x1ea ./obj/gpio.o
 .text.gpio_get_int
                0x0000000000000000       0x5c ./obj/gpio.o
 .text.gpio_clear_int
                0x0000000000000000       0x5e ./obj/gpio.o
 .text.gpio_get_port_pin
                0x0000000000000000        0xe ./obj/gpio.o
 .text          0x0000000000000000        0x0 ./obj/rf.o
 .data          0x0000000000000000        0x0 ./obj/rf.o
 .bss           0x0000000000000000        0x0 ./obj/rf.o
 .text.RF_Tx_Data
                0x0000000000000000       0x54 ./obj/rf.o
 .text          0x0000000000000000        0x0 ./obj/gec.o
 .data          0x0000000000000000        0x0 ./obj/gec.o
 .bss           0x0000000000000000        0x0 ./obj/gec.o
 .text          0x0000000000000000        0x0 ./obj/uart.o
 .data          0x0000000000000000        0x0 ./obj/uart.o
 .bss           0x0000000000000000        0x0 ./obj/uart.o
 .text.uart_sendN
                0x0000000000000000      0x146 ./obj/uart.o
 .text.uart_send_string
                0x0000000000000000      0x122 ./obj/uart.o
 .text.uart_reN
                0x0000000000000000       0x54 ./obj/uart.o
 .text.uart_disable_re_int
                0x0000000000000000       0xa6 ./obj/uart.o
 .text.uart_deinit
                0x0000000000000000      0x148 ./obj/uart.o
 .text.uart_is_uartNo
                0x0000000000000000        0x6 ./obj/uart.o
 .data.table_irq_uart
                0x0000000000000000       0x10 ./obj/uart.o
 .text          0x0000000000000000        0x0 ./obj/isr.o
 .data          0x0000000000000000        0x0 ./obj/isr.o
 .bss           0x0000000000000000        0x0 ./obj/isr.o
 .text          0x0000000000000000        0x0 ./obj/core_riscv.o
 .data          0x0000000000000000        0x0 ./obj/core_riscv.o
 .bss           0x0000000000000000        0x0 ./obj/core_riscv.o
 .text.__get_FFLAGS
                0x0000000000000000        0x6 ./obj/core_riscv.o
 .text.__set_FFLAGS
                0x0000000000000000        0x6 ./obj/core_riscv.o
 .text.__get_FRM
                0x0000000000000000        0x6 ./obj/core_riscv.o
 .text.__set_FRM
                0x0000000000000000        0x6 ./obj/core_riscv.o
 .text.__get_FCSR
                0x0000000000000000        0x6 ./obj/core_riscv.o
 .text.__set_FCSR
                0x0000000000000000        0x6 ./obj/core_riscv.o
 .text.__get_MSTATUS
                0x0000000000000000        0x6 ./obj/core_riscv.o
 .text.__set_MSTATUS
                0x0000000000000000        0x6 ./obj/core_riscv.o
 .text.__get_MISA
                0x0000000000000000        0x6 ./obj/core_riscv.o
 .text.__set_MISA
                0x0000000000000000        0x6 ./obj/core_riscv.o
 .text.__get_MIE
                0x0000000000000000        0x6 ./obj/core_riscv.o
 .text.__set_MIE
                0x0000000000000000        0x6 ./obj/core_riscv.o
 .text.__get_MTVEC
                0x0000000000000000        0x6 ./obj/core_riscv.o
 .text.__set_MTVEC
                0x0000000000000000        0x6 ./obj/core_riscv.o
 .text.__get_MSCRATCH
                0x0000000000000000        0x6 ./obj/core_riscv.o
 .text.__set_MSCRATCH
                0x0000000000000000        0x6 ./obj/core_riscv.o
 .text.__get_MEPC
                0x0000000000000000        0x6 ./obj/core_riscv.o
 .text.__set_MEPC
                0x0000000000000000        0x6 ./obj/core_riscv.o
 .text.__get_MCAUSE
                0x0000000000000000        0x6 ./obj/core_riscv.o
 .text.__set_MCAUSE
                0x0000000000000000        0x6 ./obj/core_riscv.o
 .text.__get_MTVAL
                0x0000000000000000        0x6 ./obj/core_riscv.o
 .text.__set_MTVAL
                0x0000000000000000        0x6 ./obj/core_riscv.o
 .text.__get_MIP
                0x0000000000000000        0x6 ./obj/core_riscv.o
 .text.__set_MIP
                0x0000000000000000        0x6 ./obj/core_riscv.o
 .text.__get_MCYCLE
                0x0000000000000000        0x6 ./obj/core_riscv.o
 .text.__set_MCYCLE
                0x0000000000000000        0x6 ./obj/core_riscv.o
 .text.__get_MCYCLEH
                0x0000000000000000        0x6 ./obj/core_riscv.o
 .text.__set_MCYCLEH
                0x0000000000000000        0x6 ./obj/core_riscv.o
 .text.__get_MINSTRET
                0x0000000000000000        0x6 ./obj/core_riscv.o
 .text.__set_MINSTRET
                0x0000000000000000        0x6 ./obj/core_riscv.o
 .text.__get_MINSTRETH
                0x0000000000000000        0x6 ./obj/core_riscv.o
 .text.__set_MINSTRETH
                0x0000000000000000        0x6 ./obj/core_riscv.o
 .text.__get_MVENDORID
                0x0000000000000000        0x6 ./obj/core_riscv.o
 .text.__get_MARCHID
                0x0000000000000000        0x6 ./obj/core_riscv.o
 .text.__get_MIMPID
                0x0000000000000000        0x6 ./obj/core_riscv.o
 .text.__get_MHARTID
                0x0000000000000000        0x6 ./obj/core_riscv.o
 .debug_info    0x0000000000000000      0x61c ./obj/core_riscv.o
 .debug_abbrev  0x0000000000000000      0x10d ./obj/core_riscv.o
 .debug_aranges
                0x0000000000000000      0x138 ./obj/core_riscv.o
 .debug_ranges  0x0000000000000000      0x128 ./obj/core_riscv.o
 .debug_line    0x0000000000000000      0x711 ./obj/core_riscv.o
 .debug_str     0x0000000000000000      0x397 ./obj/core_riscv.o
 .comment       0x0000000000000000       0x34 ./obj/core_riscv.o
 .debug_frame   0x0000000000000000      0x250 ./obj/core_riscv.o
 .text          0x0000000000000000        0x0 ./obj/printf.o
 .data          0x0000000000000000        0x0 ./obj/printf.o
 .bss           0x0000000000000000        0x0 ./obj/printf.o
 .text          0x0000000000000000        0x0 ./obj/startup_CH573.o
 .data          0x0000000000000000        0x0 ./obj/startup_CH573.o
 .bss           0x0000000000000000        0x0 ./obj/startup_CH573.o
 .text          0x0000000000000000        0x0 d:/ahl-mcu6-v1.7-20230811/risc-v embedded gcc/risc-v embedded gcc/bin/../lib/gcc/riscv-none-embed/8.2.0/rv32imac/ilp32\libgcc.a(_udivdi3.o)
 .data          0x0000000000000000        0x0 d:/ahl-mcu6-v1.7-20230811/risc-v embedded gcc/risc-v embedded gcc/bin/../lib/gcc/riscv-none-embed/8.2.0/rv32imac/ilp32\libgcc.a(_udivdi3.o)
 .bss           0x0000000000000000        0x0 d:/ahl-mcu6-v1.7-20230811/risc-v embedded gcc/risc-v embedded gcc/bin/../lib/gcc/riscv-none-embed/8.2.0/rv32imac/ilp32\libgcc.a(_udivdi3.o)
 .eh_frame      0x0000000000000000       0x28 d:/ahl-mcu6-v1.7-20230811/risc-v embedded gcc/risc-v embedded gcc/bin/../lib/gcc/riscv-none-embed/8.2.0/rv32imac/ilp32\libgcc.a(_udivdi3.o)
 .text          0x0000000000000000        0x0 d:/ahl-mcu6-v1.7-20230811/risc-v embedded gcc/risc-v embedded gcc/bin/../lib/gcc/riscv-none-embed/8.2.0/rv32imac/ilp32\libgcc.a(_umoddi3.o)
 .data          0x0000000000000000        0x0 d:/ahl-mcu6-v1.7-20230811/risc-v embedded gcc/risc-v embedded gcc/bin/../lib/gcc/riscv-none-embed/8.2.0/rv32imac/ilp32\libgcc.a(_umoddi3.o)
 .bss           0x0000000000000000        0x0 d:/ahl-mcu6-v1.7-20230811/risc-v embedded gcc/risc-v embedded gcc/bin/../lib/gcc/riscv-none-embed/8.2.0/rv32imac/ilp32\libgcc.a(_umoddi3.o)
 .eh_frame      0x0000000000000000       0x28 d:/ahl-mcu6-v1.7-20230811/risc-v embedded gcc/risc-v embedded gcc/bin/../lib/gcc/riscv-none-embed/8.2.0/rv32imac/ilp32\libgcc.a(_umoddi3.o)
 .text          0x0000000000000000        0x0 d:/ahl-mcu6-v1.7-20230811/risc-v embedded gcc/risc-v embedded gcc/bin/../lib/gcc/riscv-none-embed/8.2.0/rv32imac/ilp32\libgcc.a(eqdf2.o)
 .data          0x0000000000000000        0x0 d:/ahl-mcu6-v1.7-20230811/risc-v embedded gcc/risc-v embedded gcc/bin/../lib/gcc/riscv-none-embed/8.2.0/rv32imac/ilp32\libgcc.a(eqdf2.o)
 .bss           0x0000000000000000        0x0 d:/ahl-mcu6-v1.7-20230811/risc-v embedded gcc/risc-v embedded gcc/bin/../lib/gcc/riscv-none-embed/8.2.0/rv32imac/ilp32\libgcc.a(eqdf2.o)
 .text          0x0000000000000000        0x0 d:/ahl-mcu6-v1.7-20230811/risc-v embedded gcc/risc-v embedded gcc/bin/../lib/gcc/riscv-none-embed/8.2.0/rv32imac/ilp32\libgcc.a(ledf2.o)
 .data          0x0000000000000000        0x0 d:/ahl-mcu6-v1.7-20230811/risc-v embedded gcc/risc-v embedded gcc/bin/../lib/gcc/riscv-none-embed/8.2.0/rv32imac/ilp32\libgcc.a(ledf2.o)
 .bss           0x0000000000000000        0x0 d:/ahl-mcu6-v1.7-20230811/risc-v embedded gcc/risc-v embedded gcc/bin/../lib/gcc/riscv-none-embed/8.2.0/rv32imac/ilp32\libgcc.a(ledf2.o)
 .text          0x0000000000000000        0x0 d:/ahl-mcu6-v1.7-20230811/risc-v embedded gcc/risc-v embedded gcc/bin/../lib/gcc/riscv-none-embed/8.2.0/rv32imac/ilp32\libgcc.a(muldf3.o)
 .data          0x0000000000000000        0x0 d:/ahl-mcu6-v1.7-20230811/risc-v embedded gcc/risc-v embedded gcc/bin/../lib/gcc/riscv-none-embed/8.2.0/rv32imac/ilp32\libgcc.a(muldf3.o)
 .bss           0x0000000000000000        0x0 d:/ahl-mcu6-v1.7-20230811/risc-v embedded gcc/risc-v embedded gcc/bin/../lib/gcc/riscv-none-embed/8.2.0/rv32imac/ilp32\libgcc.a(muldf3.o)
 .text          0x0000000000000000        0x0 d:/ahl-mcu6-v1.7-20230811/risc-v embedded gcc/risc-v embedded gcc/bin/../lib/gcc/riscv-none-embed/8.2.0/rv32imac/ilp32\libgcc.a(subdf3.o)
 .data          0x0000000000000000        0x0 d:/ahl-mcu6-v1.7-20230811/risc-v embedded gcc/risc-v embedded gcc/bin/../lib/gcc/riscv-none-embed/8.2.0/rv32imac/ilp32\libgcc.a(subdf3.o)
 .bss           0x0000000000000000        0x0 d:/ahl-mcu6-v1.7-20230811/risc-v embedded gcc/risc-v embedded gcc/bin/../lib/gcc/riscv-none-embed/8.2.0/rv32imac/ilp32\libgcc.a(subdf3.o)
 .text          0x0000000000000000        0x0 d:/ahl-mcu6-v1.7-20230811/risc-v embedded gcc/risc-v embedded gcc/bin/../lib/gcc/riscv-none-embed/8.2.0/rv32imac/ilp32\libgcc.a(fixunsdfdi.o)
 .data          0x0000000000000000        0x0 d:/ahl-mcu6-v1.7-20230811/risc-v embedded gcc/risc-v embedded gcc/bin/../lib/gcc/riscv-none-embed/8.2.0/rv32imac/ilp32\libgcc.a(fixunsdfdi.o)
 .bss           0x0000000000000000        0x0 d:/ahl-mcu6-v1.7-20230811/risc-v embedded gcc/risc-v embedded gcc/bin/../lib/gcc/riscv-none-embed/8.2.0/rv32imac/ilp32\libgcc.a(fixunsdfdi.o)
 .text          0x0000000000000000        0x0 d:/ahl-mcu6-v1.7-20230811/risc-v embedded gcc/risc-v embedded gcc/bin/../lib/gcc/riscv-none-embed/8.2.0/rv32imac/ilp32\libgcc.a(floatundidf.o)
 .data          0x0000000000000000        0x0 d:/ahl-mcu6-v1.7-20230811/risc-v embedded gcc/risc-v embedded gcc/bin/../lib/gcc/riscv-none-embed/8.2.0/rv32imac/ilp32\libgcc.a(floatundidf.o)
 .bss           0x0000000000000000        0x0 d:/ahl-mcu6-v1.7-20230811/risc-v embedded gcc/risc-v embedded gcc/bin/../lib/gcc/riscv-none-embed/8.2.0/rv32imac/ilp32\libgcc.a(floatundidf.o)
 .text          0x0000000000000000        0x0 d:/ahl-mcu6-v1.7-20230811/risc-v embedded gcc/risc-v embedded gcc/bin/../lib/gcc/riscv-none-embed/8.2.0/rv32imac/ilp32\libgcc.a(_clz.o)
 .data          0x0000000000000000        0x0 d:/ahl-mcu6-v1.7-20230811/risc-v embedded gcc/risc-v embedded gcc/bin/../lib/gcc/riscv-none-embed/8.2.0/rv32imac/ilp32\libgcc.a(_clz.o)
 .bss           0x0000000000000000        0x0 d:/ahl-mcu6-v1.7-20230811/risc-v embedded gcc/risc-v embedded gcc/bin/../lib/gcc/riscv-none-embed/8.2.0/rv32imac/ilp32\libgcc.a(_clz.o)
 .text          0x0000000000000000        0x0 d:/ahl-mcu6-v1.7-20230811/risc-v embedded gcc/risc-v embedded gcc/bin/../lib/gcc/riscv-none-embed/8.2.0/rv32imac/ilp32\libgcc.a(_clzsi2.o)
 .data          0x0000000000000000        0x0 d:/ahl-mcu6-v1.7-20230811/risc-v embedded gcc/risc-v embedded gcc/bin/../lib/gcc/riscv-none-embed/8.2.0/rv32imac/ilp32\libgcc.a(_clzsi2.o)
 .bss           0x0000000000000000        0x0 d:/ahl-mcu6-v1.7-20230811/risc-v embedded gcc/risc-v embedded gcc/bin/../lib/gcc/riscv-none-embed/8.2.0/rv32imac/ilp32\libgcc.a(_clzsi2.o)
 .data          0x0000000000000000        0x0 d:/ahl-mcu6-v1.7-20230811/risc-v embedded gcc/risc-v embedded gcc/bin/../lib/gcc/riscv-none-embed/8.2.0/../../../../riscv-none-embed/lib/rv32imac/ilp32\libg_nano.a(lib_a-memset.o)
 .bss           0x0000000000000000        0x0 d:/ahl-mcu6-v1.7-20230811/risc-v embedded gcc/risc-v embedded gcc/bin/../lib/gcc/riscv-none-embed/8.2.0/../../../../riscv-none-embed/lib/rv32imac/ilp32\libg_nano.a(lib_a-memset.o)
 .text          0x0000000000000000        0x0 d:/ahl-mcu6-v1.7-20230811/risc-v embedded gcc/risc-v embedded gcc/bin/../lib/gcc/riscv-none-embed/8.2.0/../../../../riscv-none-embed/lib/rv32imac/ilp32\libg_nano.a(lib_a-strlen.o)
 .data          0x0000000000000000        0x0 d:/ahl-mcu6-v1.7-20230811/risc-v embedded gcc/risc-v embedded gcc/bin/../lib/gcc/riscv-none-embed/8.2.0/../../../../riscv-none-embed/lib/rv32imac/ilp32\libg_nano.a(lib_a-strlen.o)
 .bss           0x0000000000000000        0x0 d:/ahl-mcu6-v1.7-20230811/risc-v embedded gcc/risc-v embedded gcc/bin/../lib/gcc/riscv-none-embed/8.2.0/../../../../riscv-none-embed/lib/rv32imac/ilp32\libg_nano.a(lib_a-strlen.o)

Memory Configuration

Name             Origin             Length             Attributes
INIT             0x0000000000012000 0x0000000000001000 xr
FLASH            0x0000000000013000 0x0000000000012000 xr
RAM              0x0000000020005600 0x0000000000002a00 xrw
*default*        0x0000000000000000 0xffffffffffffffff

Linker script and memory map

LOAD ./obj/main.o
LOAD ./obj/flash.o
LOAD ./obj/gpio.o
LOAD ./obj/rf.o
LOAD ./obj/gec.o
LOAD ./obj/uart.o
LOAD ./obj/isr.o
LOAD ./obj/core_riscv.o
LOAD ./obj/printf.o
LOAD ./obj/startup_CH573.o
LOAD d:/ahl-mcu6-v1.7-20230811/risc-v embedded gcc/risc-v embedded gcc/bin/../lib/gcc/riscv-none-embed/8.2.0/rv32imac/ilp32\libgcc.a
LOAD d:/ahl-mcu6-v1.7-20230811/risc-v embedded gcc/risc-v embedded gcc/bin/../lib/gcc/riscv-none-embed/8.2.0/../../../../riscv-none-embed/lib/rv32imac/ilp32\libg_nano.a
LOAD d:/ahl-mcu6-v1.7-20230811/risc-v embedded gcc/risc-v embedded gcc/bin/../lib/gcc/riscv-none-embed/8.2.0/../../../../riscv-none-embed/lib/rv32imac/ilp32\libc_nano.a
LOAD d:/ahl-mcu6-v1.7-20230811/risc-v embedded gcc/risc-v embedded gcc/bin/../lib/gcc/riscv-none-embed/8.2.0/rv32imac/ilp32\libgcc.a
START GROUP
LOAD d:/ahl-mcu6-v1.7-20230811/risc-v embedded gcc/risc-v embedded gcc/bin/../lib/gcc/riscv-none-embed/8.2.0/rv32imac/ilp32\libgcc.a
LOAD d:/ahl-mcu6-v1.7-20230811/risc-v embedded gcc/risc-v embedded gcc/bin/../lib/gcc/riscv-none-embed/8.2.0/../../../../riscv-none-embed/lib/rv32imac/ilp32\libc_nano.a
LOAD d:/ahl-mcu6-v1.7-20230811/risc-v embedded gcc/risc-v embedded gcc/bin/../lib/gcc/riscv-none-embed/8.2.0/../../../../riscv-none-embed/lib/rv32imac/ilp32\libnosys.a
END GROUP
START GROUP
LOAD d:/ahl-mcu6-v1.7-20230811/risc-v embedded gcc/risc-v embedded gcc/bin/../lib/gcc/riscv-none-embed/8.2.0/rv32imac/ilp32\libgcc.a
LOAD d:/ahl-mcu6-v1.7-20230811/risc-v embedded gcc/risc-v embedded gcc/bin/../lib/gcc/riscv-none-embed/8.2.0/../../../../riscv-none-embed/lib/rv32imac/ilp32\libc_nano.a
LOAD d:/ahl-mcu6-v1.7-20230811/risc-v embedded gcc/risc-v embedded gcc/bin/../lib/gcc/riscv-none-embed/8.2.0/../../../../riscv-none-embed/lib/rv32imac/ilp32\libnosys.a
END GROUP
                0x0000000000001000                MCU_SECTORSIZE = 0x1000
                0x0000000000000000                MCU_FLASH_ADDR_START = 0x0
                0x0000000000000012                GEC_USER_SECTOR_START = 0x12
                0x0000000000000025                GEC_USER_SECTOR_END = 0x25
                0x0000000020005600                GEC_USER_RAM_START = 0x20005600
                0x0000000020007fff                GEC_USER_RAM_END = 0x20007fff

.init           0x0000000000012000        0x4
                0x0000000000012000                _sinit = .
                0x0000000000012000                . = ALIGN (0x4)
 *(SORT_NONE(.init))
 .init          0x0000000000012000        0x4 ./obj/startup_CH573.o
                0x0000000000012000                _start
                0x0000000000012004                . = ALIGN (0x4)
                0x0000000000012004                _einit = .

.vector         0x0000000000012004       0xe8
                0x0000000000012004                . = ALIGN (0x4)
 *(.vector)
 .vector        0x0000000000012004       0x90 ./obj/startup_CH573.o
                0x0000000000012094                . = ALIGN (0x4)
 *(.vector_handler)
 .vector_handler
                0x0000000000012094       0x58 ./obj/startup_CH573.o
                0x0000000000012094                NMI_Handler
                0x0000000000012098                HardFault_Handler
                0x000000000001209c                SysTick_Handler
                0x00000000000120a0                SW_Handler
                0x00000000000120a4                TMR0_IRQHandler
                0x00000000000120a8                GPIOA_IRQHandler
                0x00000000000120ac                GPIOB_IRQHandler
                0x00000000000120b0                SPI0_IRQHandler
                0x00000000000120b4                BB_IRQHandler
                0x00000000000120b8                LLE_IRQHandler
                0x00000000000120bc                USB_IRQHandler
                0x00000000000120c0                TMR1_IRQHandler
                0x00000000000120c4                TMR2_IRQHandler
                0x00000000000120cc                UART1_IRQHandler
                0x00000000000120d0                RTC_IRQHandler
                0x00000000000120d4                ADC_IRQHandler
                0x00000000000120d8                PWMX_IRQHandler
                0x00000000000120dc                TMR3_IRQHandler
                0x00000000000120e0                UART2_IRQHandler
                0x00000000000120e4                UART3_IRQHandler
                0x00000000000120e8                WDOG_BAT_IRQHandler
                0x00000000000120ec                . = ALIGN (0x4)

.highcodelalign
                0x0000000000013000        0x0
                0x0000000000013000                . = ALIGN (0x4)
                0x0000000000013000                PROVIDE (_highcode_lma = .)

.highcode       0x0000000020005600        0x0 load address 0x0000000000013000
                0x0000000020005600                . = ALIGN (0x4)
                0x0000000020005600                PROVIDE (_highcode_vma_start = .)
 *(.highcode)
                0x0000000020005600                . = ALIGN (0x4)
 *(.highcode.*)
                0x0000000020005600                PROVIDE (_highcode_vma_end = .)
                0x0000000020005600                . = ALIGN (0x4)

.text           0x0000000000013000     0x38c0
                0x0000000000013000                . = ALIGN (0x4)
 *(SORT_NONE(.handle_reset))
 .handle_reset  0x0000000000013000       0xc0 ./obj/startup_CH573.o
                0x0000000000013000                handle_reset
 *(.text)
 .text          0x00000000000130c0       0xa8 d:/ahl-mcu6-v1.7-20230811/risc-v embedded gcc/risc-v embedded gcc/bin/../lib/gcc/riscv-none-embed/8.2.0/../../../../riscv-none-embed/lib/rv32imac/ilp32\libg_nano.a(lib_a-memset.o)
                0x00000000000130c0                memset
                0x0000000000013168                . = ALIGN (0x4)
 *(.text.*)
 .text.main     0x0000000000013168      0x19c ./obj/main.o
                0x0000000000013168                main
 .text.flash_erase
                0x0000000000013304       0x26 ./obj/flash.o
                0x0000000000013304                flash_erase
 .text.flash_Best
                0x000000000001332a       0x28 ./obj/flash.o
                0x000000000001332a                flash_Best
 .text.flash_read_logic
                0x0000000000013352       0x26 ./obj/flash.o
                0x0000000000013352                flash_read_logic
 .text.flash_write
                0x0000000000013378       0xcc ./obj/flash.o
                0x0000000000013378                flash_write
 .text.gpio_set
                0x0000000000013444       0x72 ./obj/gpio.o
                0x0000000000013444                gpio_set
 .text.gpio_init
                0x00000000000134b6       0x7e ./obj/gpio.o
                0x00000000000134b6                gpio_init
 .text.RF_Init  0x0000000000013534       0x9e ./obj/rf.o
                0x0000000000013534                RF_Init
 .text.GetRFAddr
                0x00000000000135d2       0xac ./obj/rf.o
                0x00000000000135d2                GetRFAddr
 .text.IRQ_OPC_CHANGE
                0x000000000001367e       0xb8 ./obj/gec.o
                0x000000000001367e                IRQ_OPC_CHANGE
 .text.Vectors_Init
                0x0000000000013736       0x80 ./obj/gec.o
                0x0000000000013736                Vectors_Init
 .text.SYS_ResetExecute
                0x00000000000137b6       0x44 ./obj/gec.o
                0x00000000000137b6                SYS_ResetExecute
 .text.uart_init
                0x00000000000137fa      0x228 ./obj/uart.o
                0x00000000000137fa                uart_init
 .text.uart_send1
                0x0000000000013a22      0x10e ./obj/uart.o
                0x0000000000013a22                uart_send1
 .text.uart_re1
                0x0000000000013b30       0x7e ./obj/uart.o
                0x0000000000013b30                uart_re1
 .text.uart_enable_re_int
                0x0000000000013bae       0xc6 ./obj/uart.o
                0x0000000000013bae                uart_enable_re_int
 .text.uart_get_re_int
                0x0000000000013c74      0x116 ./obj/uart.o
                0x0000000000013c74                uart_get_re_int
 .text.UART0_IRQHandler
                0x0000000000013d8a       0x58 ./obj/isr.o
                0x0000000000013d8a                UART0_IRQHandler
 .text.RF_ProcessEvent
                0x0000000000013de2      0x116 ./obj/isr.o
                0x0000000000013de2                RF_ProcessEvent
 .text.rf_Receive
                0x0000000000013ef8       0x92 ./obj/isr.o
                0x0000000000013ef8                rf_Receive
 .text.RF_2G4StatusCallBack
                0x0000000000013f8a      0x16c ./obj/isr.o
                0x0000000000013f8a                RF_2G4StatusCallBack
 .text.printk_putc
                0x00000000000140f6       0x3c ./obj/printf.o
 .text.printk_mknumstr
                0x0000000000014132       0x82 ./obj/printf.o
 .text.printk_pad_space
                0x00000000000141b4       0x3c ./obj/printf.o
 .text.out_char
                0x00000000000141f0       0x18 ./obj/printf.o
                0x00000000000141f0                out_char
 .text.printk_mkfloatstr
                0x0000000000014208      0x2e8 ./obj/printf.o
                0x0000000000014208                printk_mkfloatstr
 .text.printk   0x00000000000144f0      0x6e2 ./obj/printf.o
                0x00000000000144f0                printk
 .text.myprintf
                0x0000000000014bd2       0x36 ./obj/printf.o
                0x0000000000014bd2                myprintf
 .text.__udivdi3
                0x0000000000014c08      0x398 d:/ahl-mcu6-v1.7-20230811/risc-v embedded gcc/risc-v embedded gcc/bin/../lib/gcc/riscv-none-embed/8.2.0/rv32imac/ilp32\libgcc.a(_udivdi3.o)
                0x0000000000014c08                __udivdi3
 .text.__umoddi3
                0x0000000000014fa0      0x38e d:/ahl-mcu6-v1.7-20230811/risc-v embedded gcc/risc-v embedded gcc/bin/../lib/gcc/riscv-none-embed/8.2.0/rv32imac/ilp32\libgcc.a(_umoddi3.o)
                0x0000000000014fa0                __umoddi3
 .text.__eqdf2  0x000000000001532e       0x6a d:/ahl-mcu6-v1.7-20230811/risc-v embedded gcc/risc-v embedded gcc/bin/../lib/gcc/riscv-none-embed/8.2.0/rv32imac/ilp32\libgcc.a(eqdf2.o)
                0x000000000001532e                __nedf2
                0x000000000001532e                __eqdf2
 .text.__ledf2  0x0000000000015398       0xb6 d:/ahl-mcu6-v1.7-20230811/risc-v embedded gcc/risc-v embedded gcc/bin/../lib/gcc/riscv-none-embed/8.2.0/rv32imac/ilp32\libgcc.a(ledf2.o)
                0x0000000000015398                __ledf2
                0x0000000000015398                __ltdf2
 .text.__muldf3
                0x000000000001544e      0x4c8 d:/ahl-mcu6-v1.7-20230811/risc-v embedded gcc/risc-v embedded gcc/bin/../lib/gcc/riscv-none-embed/8.2.0/rv32imac/ilp32\libgcc.a(muldf3.o)
                0x000000000001544e                __muldf3
 .text.__subdf3
                0x0000000000015916      0x746 d:/ahl-mcu6-v1.7-20230811/risc-v embedded gcc/risc-v embedded gcc/bin/../lib/gcc/riscv-none-embed/8.2.0/rv32imac/ilp32\libgcc.a(subdf3.o)
                0x0000000000015916                __subdf3
 .text.__fixunsdfdi
                0x000000000001605c       0x9e d:/ahl-mcu6-v1.7-20230811/risc-v embedded gcc/risc-v embedded gcc/bin/../lib/gcc/riscv-none-embed/8.2.0/rv32imac/ilp32\libgcc.a(fixunsdfdi.o)
                0x000000000001605c                __fixunsdfdi
 .text.__floatundidf
                0x00000000000160fa      0x194 d:/ahl-mcu6-v1.7-20230811/risc-v embedded gcc/risc-v embedded gcc/bin/../lib/gcc/riscv-none-embed/8.2.0/rv32imac/ilp32\libgcc.a(floatundidf.o)
                0x00000000000160fa                __floatundidf
 .text.__clzsi2
                0x000000000001628e       0x76 d:/ahl-mcu6-v1.7-20230811/risc-v embedded gcc/risc-v embedded gcc/bin/../lib/gcc/riscv-none-embed/8.2.0/rv32imac/ilp32\libgcc.a(_clzsi2.o)
                0x000000000001628e                __clzsi2
 .text.strlen   0x0000000000016304       0x12 d:/ahl-mcu6-v1.7-20230811/risc-v embedded gcc/risc-v embedded gcc/bin/../lib/gcc/riscv-none-embed/8.2.0/../../../../riscv-none-embed/lib/rv32imac/ilp32\libg_nano.a(lib_a-strlen.o)
                0x0000000000016304                strlen
                0x0000000000016318                . = ALIGN (0x4)
 *fill*         0x0000000000016316        0x2 
 *(.rodata)
                0x0000000000016318                . = ALIGN (0x4)
 *(.rodata*)
 .rodata.main.str1.4
                0x0000000000016318      0x1e0 ./obj/main.o
 .rodata.GetRFAddr.str1.4
                0x00000000000164f8       0x53 ./obj/rf.o
 *fill*         0x000000000001654b        0x1 
 .rodata.Vectors_Init.str1.4
                0x000000000001654c       0x2f ./obj/gec.o
 *fill*         0x000000000001657b        0x1 
 .rodata.uart_get_re_int
                0x000000000001657c       0xd0 ./obj/uart.o
 .rodata.RF_2G4StatusCallBack.str1.4
                0x000000000001664c       0x58 ./obj/isr.o
                                         0x5c (size before relaxing)
 .rodata.rf_Receive.str1.4
                0x00000000000166a4       0x58 ./obj/isr.o
                                          0x3 (size before relaxing)
 .rodata.printk
                0x00000000000166a4       0xc8 ./obj/printf.o
 *fill*         0x000000000001676c        0x4 
 .rodata.printk_mkfloatstr.cst8
                0x0000000000016770       0x10 ./obj/printf.o
 .rodata.__muldf3
                0x0000000000016780       0x40 d:/ahl-mcu6-v1.7-20230811/risc-v embedded gcc/risc-v embedded gcc/bin/../lib/gcc/riscv-none-embed/8.2.0/rv32imac/ilp32\libgcc.a(muldf3.o)
 .rodata.__clz_tab
                0x00000000000167c0      0x100 d:/ahl-mcu6-v1.7-20230811/risc-v embedded gcc/risc-v embedded gcc/bin/../lib/gcc/riscv-none-embed/8.2.0/rv32imac/ilp32\libgcc.a(_clz.o)
                0x00000000000167c0                __clz_tab
                0x00000000000168c0                . = ALIGN (0x4)
 *(.sdata2.*)
                0x00000000000168c0                . = ALIGN (0x4)
 *(.glue_7)
                0x00000000000168c0                . = ALIGN (0x4)
 *(.glue_7t)
                0x00000000000168c0                . = ALIGN (0x4)
 *(.gnu.linkonce.t.*)
                0x00000000000168c0                . = ALIGN (0x4)

.rela.dyn       0x00000000000168c0        0x0
 .rela.text.main
                0x00000000000168c0        0x0 ./obj/main.o
 .rela.text.flash_erase
                0x00000000000168c0        0x0 ./obj/main.o
 .rela.text.flash_Best
                0x00000000000168c0        0x0 ./obj/main.o
 .rela.text.RF_Init
                0x00000000000168c0        0x0 ./obj/main.o
 .rela.text.IRQ_OPC_CHANGE
                0x00000000000168c0        0x0 ./obj/main.o
 .rela.text.Vectors_Init
                0x00000000000168c0        0x0 ./obj/main.o
 .rela.text.SYS_ResetExecute
                0x00000000000168c0        0x0 ./obj/main.o
 .rela.text.RF_ProcessEvent
                0x00000000000168c0        0x0 ./obj/main.o
 .rela.text.rf_Receive
                0x00000000000168c0        0x0 ./obj/main.o
 .rela.text.RF_2G4StatusCallBack
                0x00000000000168c0        0x0 ./obj/main.o
 .rela.init     0x00000000000168c0        0x0 ./obj/main.o
 .rela.vector   0x00000000000168c0        0x0 ./obj/main.o
 .rela.handle_reset
                0x00000000000168c0        0x0 ./obj/main.o

.fini           0x00000000000168c0        0x0
 *(SORT_NONE(.fini))
                0x00000000000168c0                . = ALIGN (0x4)
                [!provide]                        PROVIDE (_etext = .)
                [!provide]                        PROVIDE (_eitcm = .)

.preinit_array  0x00000000000168c0        0x0
                [!provide]                        PROVIDE (__preinit_array_start = .)
 *(.preinit_array)
                [!provide]                        PROVIDE (__preinit_array_end = .)

.init_array     0x00000000000168c0        0x0
                [!provide]                        PROVIDE (__init_array_start = .)
 *(SORT_BY_INIT_PRIORITY(.init_array.*) SORT_BY_INIT_PRIORITY(.ctors.*))
 *(.init_array EXCLUDE_FILE(*crtend?.o *crtend.o *crtbegin?.o *crtbegin.o) .ctors)
                [!provide]                        PROVIDE (__init_array_end = .)

.fini_array     0x00000000000168c0        0x0
                [!provide]                        PROVIDE (__fini_array_start = .)
 *(SORT_BY_INIT_PRIORITY(.fini_array.*) SORT_BY_INIT_PRIORITY(.dtors.*))
 *(.fini_array EXCLUDE_FILE(*crtend?.o *crtend.o *crtbegin?.o *crtbegin.o) .dtors)
                [!provide]                        PROVIDE (__fini_array_end = .)

.ctors
 *crtbegin.o(.ctors)
 *crtbegin?.o(.ctors)
 *(EXCLUDE_FILE(*crtend?.o *crtend.o) .ctors)
 *(SORT_BY_NAME(.ctors.*))
 *(.ctors)

.dtors
 *crtbegin.o(.dtors)
 *crtbegin?.o(.dtors)
 *(EXCLUDE_FILE(*crtend?.o *crtend.o) .dtors)
 *(SORT_BY_NAME(.dtors.*))
 *(.dtors)

.dalign         0x0000000020005600       0x80 load address 0x00000000000168c0
                0x0000000020005680                . = (ORIGIN (RAM) + MAX (0x80, SIZEOF (.highcode)))
 *fill*         0x0000000020005600       0x80 

.dlalign        0x00000000000168c0        0x0
                0x00000000000168c0                . = ALIGN (0x4)
                0x00000000000168c0                PROVIDE (_data_lma = .)

.data           0x0000000020005680        0x0 load address 0x00000000000168c0
                0x0000000020005680                PROVIDE (_data_vma = .)
 *(.gnu.linkonce.r.*)
 *(.data .data.*)
 *(.gnu.linkonce.d.*)
                0x0000000020005680                . = ALIGN (0x8)
                0x0000000020005e80                PROVIDE (__global_pointer$ = (. + 0x800))
 *(.sdata .sdata.*)
 *(.gnu.linkonce.s.*)
                0x0000000020005680                . = ALIGN (0x8)
 *(.srodata.cst16)
 *(.srodata.cst8)
 *(.srodata.cst4)
 *(.srodata.cst2)
 *(.srodata .srodata.*)
                0x0000000020005680                . = ALIGN (0x4)
                0x0000000020005680                PROVIDE (_edata = .)

.bss            0x0000000020005680      0x114 load address 0x00000000000168c0
                0x0000000020005680                . = ALIGN (0x4)
                0x0000000020005680                PROVIDE (_sbss = .)
 *(.sbss*)
 *(.gnu.linkonce.sb.*)
 *(.bss*)
 *(.gnu.linkonce.b.*)
 *(COMMON*)
 COMMON         0x0000000020005680      0x112 ./obj/main.o
                0x0000000020005680                rfsend
                0x000000002000577a                rftaskID
                0x000000002000577b                rflength
                0x000000002000577c                gcRFStaddr
                0x0000000020005780                gcRFHdaddr
                0x0000000020005784                component_fun
                0x0000000020005788                data
                0x0000000020005794                . = ALIGN (0x4)
 *fill*         0x0000000020005792        0x2 
                0x0000000020005794                PROVIDE (_ebss = .)
                [!provide]                        PROVIDE (_end = _ebss)
                [!provide]                        PROVIDE (end = .)

.stack          0x0000000020008000        0x0
                0x0000000020008000                . = ALIGN (0x4)
                0x0000000020008000                PROVIDE (_eusrstack = .)
OUTPUT(AHL-User-RF-CH573-20241104.elf elf32-littleriscv)

.debug_info     0x0000000000000000     0x76e6
 .debug_info    0x0000000000000000      0xdb0 ./obj/main.o
 .debug_info    0x0000000000000db0      0xf46 ./obj/flash.o
 .debug_info    0x0000000000001cf6      0x8d2 ./obj/gpio.o
 .debug_info    0x00000000000025c8      0xde2 ./obj/rf.o
 .debug_info    0x00000000000033aa      0xc3b ./obj/gec.o
 .debug_info    0x0000000000003fe5     0x1152 ./obj/uart.o
 .debug_info    0x0000000000005137      0xf4d ./obj/isr.o
 .debug_info    0x0000000000006084     0x1640 ./obj/printf.o
 .debug_info    0x00000000000076c4       0x22 ./obj/startup_CH573.o

.debug_abbrev   0x0000000000000000     0x184f
 .debug_abbrev  0x0000000000000000      0x258 ./obj/main.o
 .debug_abbrev  0x0000000000000258      0x2f9 ./obj/flash.o
 .debug_abbrev  0x0000000000000551      0x2a0 ./obj/gpio.o
 .debug_abbrev  0x00000000000007f1      0x2ae ./obj/rf.o
 .debug_abbrev  0x0000000000000a9f      0x2bf ./obj/gec.o
 .debug_abbrev  0x0000000000000d5e      0x404 ./obj/uart.o
 .debug_abbrev  0x0000000000001162      0x306 ./obj/isr.o
 .debug_abbrev  0x0000000000001468      0x3d5 ./obj/printf.o
 .debug_abbrev  0x000000000000183d       0x12 ./obj/startup_CH573.o

.debug_loc      0x0000000000000000     0x34fe
 .debug_loc     0x0000000000000000       0xa2 ./obj/main.o
 .debug_loc     0x00000000000000a2      0x6eb ./obj/flash.o
 .debug_loc     0x000000000000078d      0x9a2 ./obj/gpio.o
 .debug_loc     0x000000000000112f      0x12e ./obj/rf.o
 .debug_loc     0x000000000000125d      0x2a1 ./obj/gec.o
 .debug_loc     0x00000000000014fe      0x8a8 ./obj/uart.o
 .debug_loc     0x0000000000001da6      0x3cb ./obj/isr.o
 .debug_loc     0x0000000000002171     0x138d ./obj/printf.o

.debug_aranges  0x0000000000000000      0x278
 .debug_aranges
                0x0000000000000000       0x20 ./obj/main.o
 .debug_aranges
                0x0000000000000020       0x68 ./obj/flash.o
 .debug_aranges
                0x0000000000000088       0x60 ./obj/gpio.o
 .debug_aranges
                0x00000000000000e8       0x30 ./obj/rf.o
 .debug_aranges
                0x0000000000000118       0x30 ./obj/gec.o
 .debug_aranges
                0x0000000000000148       0x70 ./obj/uart.o
 .debug_aranges
                0x00000000000001b8       0x38 ./obj/isr.o
 .debug_aranges
                0x00000000000001f0       0x50 ./obj/printf.o
 .debug_aranges
                0x0000000000000240       0x38 ./obj/startup_CH573.o

.debug_ranges   0x0000000000000000      0x250
 .debug_ranges  0x0000000000000000       0x10 ./obj/main.o
 .debug_ranges  0x0000000000000010       0x58 ./obj/flash.o
 .debug_ranges  0x0000000000000068       0x50 ./obj/gpio.o
 .debug_ranges  0x00000000000000b8       0x20 ./obj/rf.o
 .debug_ranges  0x00000000000000d8       0x20 ./obj/gec.o
 .debug_ranges  0x00000000000000f8       0x60 ./obj/uart.o
 .debug_ranges  0x0000000000000158       0x28 ./obj/isr.o
 .debug_ranges  0x0000000000000180       0xa0 ./obj/printf.o
 .debug_ranges  0x0000000000000220       0x30 ./obj/startup_CH573.o

.debug_line     0x0000000000000000     0x6082
 .debug_line    0x0000000000000000      0x591 ./obj/main.o
 .debug_line    0x0000000000000591      0x62b ./obj/flash.o
 .debug_line    0x0000000000000bbc      0xdf4 ./obj/gpio.o
 .debug_line    0x00000000000019b0      0x59b ./obj/rf.o
 .debug_line    0x0000000000001f4b      0x692 ./obj/gec.o
 .debug_line    0x00000000000025dd     0x18d4 ./obj/uart.o
 .debug_line    0x0000000000003eb1      0x826 ./obj/isr.o
 .debug_line    0x00000000000046d7     0x176c ./obj/printf.o
 .debug_line    0x0000000000005e43      0x23f ./obj/startup_CH573.o

.debug_str      0x0000000000000000      0xf38
 .debug_str     0x0000000000000000      0x775 ./obj/main.o
                                        0x7f3 (size before relaxing)
 .debug_str     0x0000000000000775       0xfc ./obj/flash.o
                                        0x6e6 (size before relaxing)
 .debug_str     0x0000000000000871      0x256 ./obj/gpio.o
                                        0x464 (size before relaxing)
 .debug_str     0x0000000000000ac7       0xe6 ./obj/rf.o
                                        0x886 (size before relaxing)
 .debug_str     0x0000000000000bad       0x83 ./obj/gec.o
                                        0x76a (size before relaxing)
 .debug_str     0x0000000000000c30       0xbf ./obj/uart.o
                                        0x883 (size before relaxing)
 .debug_str     0x0000000000000cef       0xa4 ./obj/isr.o
                                        0x874 (size before relaxing)
 .debug_str     0x0000000000000d93      0x184 ./obj/printf.o
                                        0x772 (size before relaxing)
 .debug_str     0x0000000000000f17       0x21 ./obj/startup_CH573.o
                                         0x7f (size before relaxing)

.comment        0x0000000000000000       0x33
 .comment       0x0000000000000000       0x33 ./obj/main.o
                                         0x34 (size before relaxing)
 .comment       0x0000000000000033       0x34 ./obj/flash.o
 .comment       0x0000000000000033       0x34 ./obj/gpio.o
 .comment       0x0000000000000033       0x34 ./obj/rf.o
 .comment       0x0000000000000033       0x34 ./obj/gec.o
 .comment       0x0000000000000033       0x34 ./obj/uart.o
 .comment       0x0000000000000033       0x34 ./obj/isr.o
 .comment       0x0000000000000033       0x34 ./obj/printf.o

.debug_frame    0x0000000000000000      0x77c
 .debug_frame   0x0000000000000000       0x3c ./obj/main.o
 .debug_frame   0x000000000000003c      0x138 ./obj/flash.o
 .debug_frame   0x0000000000000174       0xb0 ./obj/gpio.o
 .debug_frame   0x0000000000000224       0x78 ./obj/rf.o
 .debug_frame   0x000000000000029c       0x5c ./obj/gec.o
 .debug_frame   0x00000000000002f8      0x104 ./obj/uart.o
 .debug_frame   0x00000000000003fc       0xac ./obj/isr.o
 .debug_frame   0x00000000000004a8      0x14c ./obj/printf.o
 .debug_frame   0x00000000000005f4       0x20 d:/ahl-mcu6-v1.7-20230811/risc-v embedded gcc/risc-v embedded gcc/bin/../lib/gcc/riscv-none-embed/8.2.0/rv32imac/ilp32\libgcc.a(eqdf2.o)
 .debug_frame   0x0000000000000614       0x20 d:/ahl-mcu6-v1.7-20230811/risc-v embedded gcc/risc-v embedded gcc/bin/../lib/gcc/riscv-none-embed/8.2.0/rv32imac/ilp32\libgcc.a(ledf2.o)
 .debug_frame   0x0000000000000634       0x54 d:/ahl-mcu6-v1.7-20230811/risc-v embedded gcc/risc-v embedded gcc/bin/../lib/gcc/riscv-none-embed/8.2.0/rv32imac/ilp32\libgcc.a(muldf3.o)
 .debug_frame   0x0000000000000688       0x44 d:/ahl-mcu6-v1.7-20230811/risc-v embedded gcc/risc-v embedded gcc/bin/../lib/gcc/riscv-none-embed/8.2.0/rv32imac/ilp32\libgcc.a(subdf3.o)
 .debug_frame   0x00000000000006cc       0x20 d:/ahl-mcu6-v1.7-20230811/risc-v embedded gcc/risc-v embedded gcc/bin/../lib/gcc/riscv-none-embed/8.2.0/rv32imac/ilp32\libgcc.a(fixunsdfdi.o)
 .debug_frame   0x00000000000006ec       0x50 d:/ahl-mcu6-v1.7-20230811/risc-v embedded gcc/risc-v embedded gcc/bin/../lib/gcc/riscv-none-embed/8.2.0/rv32imac/ilp32\libgcc.a(floatundidf.o)
 .debug_frame   0x000000000000073c       0x20 d:/ahl-mcu6-v1.7-20230811/risc-v embedded gcc/risc-v embedded gcc/bin/../lib/gcc/riscv-none-embed/8.2.0/rv32imac/ilp32\libgcc.a(_clzsi2.o)
 .debug_frame   0x000000000000075c       0x20 d:/ahl-mcu6-v1.7-20230811/risc-v embedded gcc/risc-v embedded gcc/bin/../lib/gcc/riscv-none-embed/8.2.0/../../../../riscv-none-embed/lib/rv32imac/ilp32\libg_nano.a(lib_a-strlen.o)
