Archive member included to satisfy reference by file (symbol)

../03_MCU\startup\libISP573.a(ISP573.o)
                              ./obj/adc.o (FLASH_EEPROM_CMD)
d:/code-ahl-gec/code-ahl-gec-win32-x64-v1.0/gcc/risc-v embedded gcc/bin/../lib/gcc/riscv-none-embed/8.2.0/rv32imac/ilp32\libgcc.a(_udivdi3.o)
                              ./obj/printf.o (__udivdi3)
d:/code-ahl-gec/code-ahl-gec-win32-x64-v1.0/gcc/risc-v embedded gcc/bin/../lib/gcc/riscv-none-embed/8.2.0/rv32imac/ilp32\libgcc.a(_umoddi3.o)
                              ./obj/printf.o (__umoddi3)
d:/code-ahl-gec/code-ahl-gec-win32-x64-v1.0/gcc/risc-v embedded gcc/bin/../lib/gcc/riscv-none-embed/8.2.0/rv32imac/ilp32\libgcc.a(adddf3.o)
                              ./obj/adc.o (__adddf3)
d:/code-ahl-gec/code-ahl-gec-win32-x64-v1.0/gcc/risc-v embedded gcc/bin/../lib/gcc/riscv-none-embed/8.2.0/rv32imac/ilp32\libgcc.a(divdf3.o)
                              ./obj/adc.o (__divdf3)
d:/code-ahl-gec/code-ahl-gec-win32-x64-v1.0/gcc/risc-v embedded gcc/bin/../lib/gcc/riscv-none-embed/8.2.0/rv32imac/ilp32\libgcc.a(eqdf2.o)
                              ./obj/printf.o (__nedf2)
d:/code-ahl-gec/code-ahl-gec-win32-x64-v1.0/gcc/risc-v embedded gcc/bin/../lib/gcc/riscv-none-embed/8.2.0/rv32imac/ilp32\libgcc.a(ledf2.o)
                              ./obj/printf.o (__ltdf2)
d:/code-ahl-gec/code-ahl-gec-win32-x64-v1.0/gcc/risc-v embedded gcc/bin/../lib/gcc/riscv-none-embed/8.2.0/rv32imac/ilp32\libgcc.a(muldf3.o)
                              ./obj/adc.o (__muldf3)
d:/code-ahl-gec/code-ahl-gec-win32-x64-v1.0/gcc/risc-v embedded gcc/bin/../lib/gcc/riscv-none-embed/8.2.0/rv32imac/ilp32\libgcc.a(subdf3.o)
                              ./obj/adc.o (__subdf3)
d:/code-ahl-gec/code-ahl-gec-win32-x64-v1.0/gcc/risc-v embedded gcc/bin/../lib/gcc/riscv-none-embed/8.2.0/rv32imac/ilp32\libgcc.a(fixdfsi.o)
                              ./obj/adc.o (__fixdfsi)
d:/code-ahl-gec/code-ahl-gec-win32-x64-v1.0/gcc/risc-v embedded gcc/bin/../lib/gcc/riscv-none-embed/8.2.0/rv32imac/ilp32\libgcc.a(floatsidf.o)
                              ./obj/adc.o (__floatsidf)
d:/code-ahl-gec/code-ahl-gec-win32-x64-v1.0/gcc/risc-v embedded gcc/bin/../lib/gcc/riscv-none-embed/8.2.0/rv32imac/ilp32\libgcc.a(fixunsdfdi.o)
                              ./obj/printf.o (__fixunsdfdi)
d:/code-ahl-gec/code-ahl-gec-win32-x64-v1.0/gcc/risc-v embedded gcc/bin/../lib/gcc/riscv-none-embed/8.2.0/rv32imac/ilp32\libgcc.a(floatundidf.o)
                              ./obj/printf.o (__floatundidf)
d:/code-ahl-gec/code-ahl-gec-win32-x64-v1.0/gcc/risc-v embedded gcc/bin/../lib/gcc/riscv-none-embed/8.2.0/rv32imac/ilp32\libgcc.a(gesf2.o)
                              ./obj/main.o (__gesf2)
d:/code-ahl-gec/code-ahl-gec-win32-x64-v1.0/gcc/risc-v embedded gcc/bin/../lib/gcc/riscv-none-embed/8.2.0/rv32imac/ilp32\libgcc.a(lesf2.o)
                              ./obj/main.o (__ltsf2)
d:/code-ahl-gec/code-ahl-gec-win32-x64-v1.0/gcc/risc-v embedded gcc/bin/../lib/gcc/riscv-none-embed/8.2.0/rv32imac/ilp32\libgcc.a(subsf3.o)
                              ./obj/main.o (__subsf3)
d:/code-ahl-gec/code-ahl-gec-win32-x64-v1.0/gcc/risc-v embedded gcc/bin/../lib/gcc/riscv-none-embed/8.2.0/rv32imac/ilp32\libgcc.a(extendsfdf2.o)
                              ./obj/main.o (__extendsfdf2)
d:/code-ahl-gec/code-ahl-gec-win32-x64-v1.0/gcc/risc-v embedded gcc/bin/../lib/gcc/riscv-none-embed/8.2.0/rv32imac/ilp32\libgcc.a(truncdfsf2.o)
                              ./obj/adc.o (__truncdfsf2)
d:/code-ahl-gec/code-ahl-gec-win32-x64-v1.0/gcc/risc-v embedded gcc/bin/../lib/gcc/riscv-none-embed/8.2.0/rv32imac/ilp32\libgcc.a(_clz.o)
                              d:/code-ahl-gec/code-ahl-gec-win32-x64-v1.0/gcc/risc-v embedded gcc/bin/../lib/gcc/riscv-none-embed/8.2.0/rv32imac/ilp32\libgcc.a(_udivdi3.o) (__clz_tab)
d:/code-ahl-gec/code-ahl-gec-win32-x64-v1.0/gcc/risc-v embedded gcc/bin/../lib/gcc/riscv-none-embed/8.2.0/rv32imac/ilp32\libgcc.a(_clzsi2.o)
                              d:/code-ahl-gec/code-ahl-gec-win32-x64-v1.0/gcc/risc-v embedded gcc/bin/../lib/gcc/riscv-none-embed/8.2.0/rv32imac/ilp32\libgcc.a(adddf3.o) (__clzsi2)
d:/code-ahl-gec/code-ahl-gec-win32-x64-v1.0/gcc/risc-v embedded gcc/bin/../lib/gcc/riscv-none-embed/8.2.0/../../../../riscv-none-embed/lib/rv32imac/ilp32\libg_nano.a(lib_a-memset.o)
                              ./obj/printf.o (memset)
d:/code-ahl-gec/code-ahl-gec-win32-x64-v1.0/gcc/risc-v embedded gcc/bin/../lib/gcc/riscv-none-embed/8.2.0/../../../../riscv-none-embed/lib/rv32imac/ilp32\libg_nano.a(lib_a-strlen.o)
                              ./obj/uart.o (strlen)

Allocating common symbols
Common symbol       size              file

gcReccrc32          0x4               ./obj/main.o
component_fun       0x4               ./obj/adc.o
gcRecvLen           0x2               ./obj/main.o
gcRecvDCLen         0x2               ./obj/main.o
gcRecvBuf           0x1000            ./obj/main.o

Discarded input sections

 .text          0x0000000000000000        0x0 ./obj/adc.o
 .data          0x0000000000000000        0x0 ./obj/adc.o
 .bss           0x0000000000000000        0x0 ./obj/adc.o
 .text          0x0000000000000000        0x0 ./obj/main.o
 .data          0x0000000000000000        0x0 ./obj/main.o
 .bss           0x0000000000000000        0x0 ./obj/main.o
 COMMON         0x0000000000000000     0x1008 ./obj/main.o
 .text          0x0000000000000000        0x0 ./obj/flash.o
 .data          0x0000000000000000        0x0 ./obj/flash.o
 .bss           0x0000000000000000        0x0 ./obj/flash.o
 .text.flash_init
                0x0000000000000000       0x10 ./obj/flash.o
 .text.flash_write_sect
                0x0000000000000000       0x22 ./obj/flash.o
 .text.flash_write_physical
                0x0000000000000000       0x22 ./obj/flash.o
 .text.flash_read_physical
                0x0000000000000000       0x1e ./obj/flash.o
 .text.flash_isempty
                0x0000000000000000       0x1e ./obj/flash.o
 .text.flash_write_DoubleWord
                0x0000000000000000       0x3a ./obj/flash.o
 .text          0x0000000000000000        0x0 ./obj/gpio.o
 .data          0x0000000000000000        0x0 ./obj/gpio.o
 .bss           0x0000000000000000        0x0 ./obj/gpio.o
 .text.gpio_get
                0x0000000000000000       0x6e ./obj/gpio.o
 .text.gpio_pull
                0x0000000000000000       0x94 ./obj/gpio.o
 .text.gpio_enable_int
                0x0000000000000000      0x1b6 ./obj/gpio.o
 .text.gpio_get_int
                0x0000000000000000       0x50 ./obj/gpio.o
 .text.gpio_clear_int
                0x0000000000000000       0x5e ./obj/gpio.o
 .text.gpio_get_port_pin
                0x0000000000000000        0xe ./obj/gpio.o
 .text          0x0000000000000000        0x0 ./obj/gec.o
 .data          0x0000000000000000        0x0 ./obj/gec.o
 .bss           0x0000000000000000        0x0 ./obj/gec.o
 .text          0x0000000000000000        0x0 ./obj/uart.o
 .data          0x0000000000000000        0x0 ./obj/uart.o
 .bss           0x0000000000000000        0x0 ./obj/uart.o
 .text.uart_sendN
                0x0000000000000000       0xc6 ./obj/uart.o
 .text.uart_reN
                0x0000000000000000       0x56 ./obj/uart.o
 .text.uart_disable_re_int
                0x0000000000000000       0x84 ./obj/uart.o
 .text.uart_deinit
                0x0000000000000000      0x13a ./obj/uart.o
 .other         0x0000000000000000       0x10 ./obj/uart.o
 .text          0x0000000000000000        0x0 ./obj/isr.o
 .data          0x0000000000000000        0x0 ./obj/isr.o
 .bss           0x0000000000000000        0x0 ./obj/isr.o
 .text          0x0000000000000000        0x0 ./obj/core_riscv.o
 .data          0x0000000000000000        0x0 ./obj/core_riscv.o
 .bss           0x0000000000000000        0x0 ./obj/core_riscv.o
 .text.__get_FFLAGS
                0x0000000000000000        0x6 ./obj/core_riscv.o
 .text.__set_FFLAGS
                0x0000000000000000        0x6 ./obj/core_riscv.o
 .text.__get_FRM
                0x0000000000000000        0x6 ./obj/core_riscv.o
 .text.__set_FRM
                0x0000000000000000        0x6 ./obj/core_riscv.o
 .text.__get_FCSR
                0x0000000000000000        0x6 ./obj/core_riscv.o
 .text.__set_FCSR
                0x0000000000000000        0x6 ./obj/core_riscv.o
 .text.__get_MSTATUS
                0x0000000000000000        0x6 ./obj/core_riscv.o
 .text.__set_MSTATUS
                0x0000000000000000        0x6 ./obj/core_riscv.o
 .text.__get_MISA
                0x0000000000000000        0x6 ./obj/core_riscv.o
 .text.__set_MISA
                0x0000000000000000        0x6 ./obj/core_riscv.o
 .text.__get_MIE
                0x0000000000000000        0x6 ./obj/core_riscv.o
 .text.__set_MIE
                0x0000000000000000        0x6 ./obj/core_riscv.o
 .text.__get_MTVEC
                0x0000000000000000        0x6 ./obj/core_riscv.o
 .text.__set_MTVEC
                0x0000000000000000        0x6 ./obj/core_riscv.o
 .text.__get_MSCRATCH
                0x0000000000000000        0x6 ./obj/core_riscv.o
 .text.__set_MSCRATCH
                0x0000000000000000        0x6 ./obj/core_riscv.o
 .text.__get_MEPC
                0x0000000000000000        0x6 ./obj/core_riscv.o
 .text.__set_MEPC
                0x0000000000000000        0x6 ./obj/core_riscv.o
 .text.__get_MCAUSE
                0x0000000000000000        0x6 ./obj/core_riscv.o
 .text.__set_MCAUSE
                0x0000000000000000        0x6 ./obj/core_riscv.o
 .text.__get_MTVAL
                0x0000000000000000        0x6 ./obj/core_riscv.o
 .text.__set_MTVAL
                0x0000000000000000        0x6 ./obj/core_riscv.o
 .text.__get_MIP
                0x0000000000000000        0x6 ./obj/core_riscv.o
 .text.__set_MIP
                0x0000000000000000        0x6 ./obj/core_riscv.o
 .text.__get_MCYCLE
                0x0000000000000000        0x6 ./obj/core_riscv.o
 .text.__set_MCYCLE
                0x0000000000000000        0x6 ./obj/core_riscv.o
 .text.__get_MCYCLEH
                0x0000000000000000        0x6 ./obj/core_riscv.o
 .text.__set_MCYCLEH
                0x0000000000000000        0x6 ./obj/core_riscv.o
 .text.__get_MINSTRET
                0x0000000000000000        0x6 ./obj/core_riscv.o
 .text.__set_MINSTRET
                0x0000000000000000        0x6 ./obj/core_riscv.o
 .text.__get_MINSTRETH
                0x0000000000000000        0x6 ./obj/core_riscv.o
 .text.__set_MINSTRETH
                0x0000000000000000        0x6 ./obj/core_riscv.o
 .text.__get_MVENDORID
                0x0000000000000000        0x6 ./obj/core_riscv.o
 .text.__get_MARCHID
                0x0000000000000000        0x6 ./obj/core_riscv.o
 .text.__get_MIMPID
                0x0000000000000000        0x6 ./obj/core_riscv.o
 .text.__get_MHARTID
                0x0000000000000000        0x6 ./obj/core_riscv.o
 .debug_info    0x0000000000000000      0x61c ./obj/core_riscv.o
 .debug_abbrev  0x0000000000000000      0x10d ./obj/core_riscv.o
 .debug_aranges
                0x0000000000000000      0x138 ./obj/core_riscv.o
 .debug_ranges  0x0000000000000000      0x128 ./obj/core_riscv.o
 .debug_line    0x0000000000000000      0x715 ./obj/core_riscv.o
 .debug_str     0x0000000000000000      0x3b9 ./obj/core_riscv.o
 .comment       0x0000000000000000       0x34 ./obj/core_riscv.o
 .debug_frame   0x0000000000000000      0x250 ./obj/core_riscv.o
 .text          0x0000000000000000        0x0 ./obj/printf.o
 .data          0x0000000000000000        0x0 ./obj/printf.o
 .bss           0x0000000000000000        0x0 ./obj/printf.o
 .text          0x0000000000000000        0x0 ./obj/startup_CH573.o
 .data          0x0000000000000000        0x0 ./obj/startup_CH573.o
 .bss           0x0000000000000000        0x0 ./obj/startup_CH573.o
 .text          0x0000000000000000        0x0 ../03_MCU\startup\libISP573.a(ISP573.o)
 .data          0x0000000000000000        0x0 ../03_MCU\startup\libISP573.a(ISP573.o)
 .bss           0x0000000000000000        0x0 ../03_MCU\startup\libISP573.a(ISP573.o)
 .text          0x0000000000000000        0x0 d:/code-ahl-gec/code-ahl-gec-win32-x64-v1.0/gcc/risc-v embedded gcc/bin/../lib/gcc/riscv-none-embed/8.2.0/rv32imac/ilp32\libgcc.a(_udivdi3.o)
 .data          0x0000000000000000        0x0 d:/code-ahl-gec/code-ahl-gec-win32-x64-v1.0/gcc/risc-v embedded gcc/bin/../lib/gcc/riscv-none-embed/8.2.0/rv32imac/ilp32\libgcc.a(_udivdi3.o)
 .bss           0x0000000000000000        0x0 d:/code-ahl-gec/code-ahl-gec-win32-x64-v1.0/gcc/risc-v embedded gcc/bin/../lib/gcc/riscv-none-embed/8.2.0/rv32imac/ilp32\libgcc.a(_udivdi3.o)
 .eh_frame      0x0000000000000000       0x28 d:/code-ahl-gec/code-ahl-gec-win32-x64-v1.0/gcc/risc-v embedded gcc/bin/../lib/gcc/riscv-none-embed/8.2.0/rv32imac/ilp32\libgcc.a(_udivdi3.o)
 .text          0x0000000000000000        0x0 d:/code-ahl-gec/code-ahl-gec-win32-x64-v1.0/gcc/risc-v embedded gcc/bin/../lib/gcc/riscv-none-embed/8.2.0/rv32imac/ilp32\libgcc.a(_umoddi3.o)
 .data          0x0000000000000000        0x0 d:/code-ahl-gec/code-ahl-gec-win32-x64-v1.0/gcc/risc-v embedded gcc/bin/../lib/gcc/riscv-none-embed/8.2.0/rv32imac/ilp32\libgcc.a(_umoddi3.o)
 .bss           0x0000000000000000        0x0 d:/code-ahl-gec/code-ahl-gec-win32-x64-v1.0/gcc/risc-v embedded gcc/bin/../lib/gcc/riscv-none-embed/8.2.0/rv32imac/ilp32\libgcc.a(_umoddi3.o)
 .eh_frame      0x0000000000000000       0x28 d:/code-ahl-gec/code-ahl-gec-win32-x64-v1.0/gcc/risc-v embedded gcc/bin/../lib/gcc/riscv-none-embed/8.2.0/rv32imac/ilp32\libgcc.a(_umoddi3.o)
 .text          0x0000000000000000        0x0 d:/code-ahl-gec/code-ahl-gec-win32-x64-v1.0/gcc/risc-v embedded gcc/bin/../lib/gcc/riscv-none-embed/8.2.0/rv32imac/ilp32\libgcc.a(adddf3.o)
 .data          0x0000000000000000        0x0 d:/code-ahl-gec/code-ahl-gec-win32-x64-v1.0/gcc/risc-v embedded gcc/bin/../lib/gcc/riscv-none-embed/8.2.0/rv32imac/ilp32\libgcc.a(adddf3.o)
 .bss           0x0000000000000000        0x0 d:/code-ahl-gec/code-ahl-gec-win32-x64-v1.0/gcc/risc-v embedded gcc/bin/../lib/gcc/riscv-none-embed/8.2.0/rv32imac/ilp32\libgcc.a(adddf3.o)
 .text          0x0000000000000000        0x0 d:/code-ahl-gec/code-ahl-gec-win32-x64-v1.0/gcc/risc-v embedded gcc/bin/../lib/gcc/riscv-none-embed/8.2.0/rv32imac/ilp32\libgcc.a(divdf3.o)
 .data          0x0000000000000000        0x0 d:/code-ahl-gec/code-ahl-gec-win32-x64-v1.0/gcc/risc-v embedded gcc/bin/../lib/gcc/riscv-none-embed/8.2.0/rv32imac/ilp32\libgcc.a(divdf3.o)
 .bss           0x0000000000000000        0x0 d:/code-ahl-gec/code-ahl-gec-win32-x64-v1.0/gcc/risc-v embedded gcc/bin/../lib/gcc/riscv-none-embed/8.2.0/rv32imac/ilp32\libgcc.a(divdf3.o)
 .text          0x0000000000000000        0x0 d:/code-ahl-gec/code-ahl-gec-win32-x64-v1.0/gcc/risc-v embedded gcc/bin/../lib/gcc/riscv-none-embed/8.2.0/rv32imac/ilp32\libgcc.a(eqdf2.o)
 .data          0x0000000000000000        0x0 d:/code-ahl-gec/code-ahl-gec-win32-x64-v1.0/gcc/risc-v embedded gcc/bin/../lib/gcc/riscv-none-embed/8.2.0/rv32imac/ilp32\libgcc.a(eqdf2.o)
 .bss           0x0000000000000000        0x0 d:/code-ahl-gec/code-ahl-gec-win32-x64-v1.0/gcc/risc-v embedded gcc/bin/../lib/gcc/riscv-none-embed/8.2.0/rv32imac/ilp32\libgcc.a(eqdf2.o)
 .text          0x0000000000000000        0x0 d:/code-ahl-gec/code-ahl-gec-win32-x64-v1.0/gcc/risc-v embedded gcc/bin/../lib/gcc/riscv-none-embed/8.2.0/rv32imac/ilp32\libgcc.a(ledf2.o)
 .data          0x0000000000000000        0x0 d:/code-ahl-gec/code-ahl-gec-win32-x64-v1.0/gcc/risc-v embedded gcc/bin/../lib/gcc/riscv-none-embed/8.2.0/rv32imac/ilp32\libgcc.a(ledf2.o)
 .bss           0x0000000000000000        0x0 d:/code-ahl-gec/code-ahl-gec-win32-x64-v1.0/gcc/risc-v embedded gcc/bin/../lib/gcc/riscv-none-embed/8.2.0/rv32imac/ilp32\libgcc.a(ledf2.o)
 .text          0x0000000000000000        0x0 d:/code-ahl-gec/code-ahl-gec-win32-x64-v1.0/gcc/risc-v embedded gcc/bin/../lib/gcc/riscv-none-embed/8.2.0/rv32imac/ilp32\libgcc.a(muldf3.o)
 .data          0x0000000000000000        0x0 d:/code-ahl-gec/code-ahl-gec-win32-x64-v1.0/gcc/risc-v embedded gcc/bin/../lib/gcc/riscv-none-embed/8.2.0/rv32imac/ilp32\libgcc.a(muldf3.o)
 .bss           0x0000000000000000        0x0 d:/code-ahl-gec/code-ahl-gec-win32-x64-v1.0/gcc/risc-v embedded gcc/bin/../lib/gcc/riscv-none-embed/8.2.0/rv32imac/ilp32\libgcc.a(muldf3.o)
 .text          0x0000000000000000        0x0 d:/code-ahl-gec/code-ahl-gec-win32-x64-v1.0/gcc/risc-v embedded gcc/bin/../lib/gcc/riscv-none-embed/8.2.0/rv32imac/ilp32\libgcc.a(subdf3.o)
 .data          0x0000000000000000        0x0 d:/code-ahl-gec/code-ahl-gec-win32-x64-v1.0/gcc/risc-v embedded gcc/bin/../lib/gcc/riscv-none-embed/8.2.0/rv32imac/ilp32\libgcc.a(subdf3.o)
 .bss           0x0000000000000000        0x0 d:/code-ahl-gec/code-ahl-gec-win32-x64-v1.0/gcc/risc-v embedded gcc/bin/../lib/gcc/riscv-none-embed/8.2.0/rv32imac/ilp32\libgcc.a(subdf3.o)
 .text          0x0000000000000000        0x0 d:/code-ahl-gec/code-ahl-gec-win32-x64-v1.0/gcc/risc-v embedded gcc/bin/../lib/gcc/riscv-none-embed/8.2.0/rv32imac/ilp32\libgcc.a(fixdfsi.o)
 .data          0x0000000000000000        0x0 d:/code-ahl-gec/code-ahl-gec-win32-x64-v1.0/gcc/risc-v embedded gcc/bin/../lib/gcc/riscv-none-embed/8.2.0/rv32imac/ilp32\libgcc.a(fixdfsi.o)
 .bss           0x0000000000000000        0x0 d:/code-ahl-gec/code-ahl-gec-win32-x64-v1.0/gcc/risc-v embedded gcc/bin/../lib/gcc/riscv-none-embed/8.2.0/rv32imac/ilp32\libgcc.a(fixdfsi.o)
 .text          0x0000000000000000        0x0 d:/code-ahl-gec/code-ahl-gec-win32-x64-v1.0/gcc/risc-v embedded gcc/bin/../lib/gcc/riscv-none-embed/8.2.0/rv32imac/ilp32\libgcc.a(floatsidf.o)
 .data          0x0000000000000000        0x0 d:/code-ahl-gec/code-ahl-gec-win32-x64-v1.0/gcc/risc-v embedded gcc/bin/../lib/gcc/riscv-none-embed/8.2.0/rv32imac/ilp32\libgcc.a(floatsidf.o)
 .bss           0x0000000000000000        0x0 d:/code-ahl-gec/code-ahl-gec-win32-x64-v1.0/gcc/risc-v embedded gcc/bin/../lib/gcc/riscv-none-embed/8.2.0/rv32imac/ilp32\libgcc.a(floatsidf.o)
 .text          0x0000000000000000        0x0 d:/code-ahl-gec/code-ahl-gec-win32-x64-v1.0/gcc/risc-v embedded gcc/bin/../lib/gcc/riscv-none-embed/8.2.0/rv32imac/ilp32\libgcc.a(fixunsdfdi.o)
 .data          0x0000000000000000        0x0 d:/code-ahl-gec/code-ahl-gec-win32-x64-v1.0/gcc/risc-v embedded gcc/bin/../lib/gcc/riscv-none-embed/8.2.0/rv32imac/ilp32\libgcc.a(fixunsdfdi.o)
 .bss           0x0000000000000000        0x0 d:/code-ahl-gec/code-ahl-gec-win32-x64-v1.0/gcc/risc-v embedded gcc/bin/../lib/gcc/riscv-none-embed/8.2.0/rv32imac/ilp32\libgcc.a(fixunsdfdi.o)
 .text          0x0000000000000000        0x0 d:/code-ahl-gec/code-ahl-gec-win32-x64-v1.0/gcc/risc-v embedded gcc/bin/../lib/gcc/riscv-none-embed/8.2.0/rv32imac/ilp32\libgcc.a(floatundidf.o)
 .data          0x0000000000000000        0x0 d:/code-ahl-gec/code-ahl-gec-win32-x64-v1.0/gcc/risc-v embedded gcc/bin/../lib/gcc/riscv-none-embed/8.2.0/rv32imac/ilp32\libgcc.a(floatundidf.o)
 .bss           0x0000000000000000        0x0 d:/code-ahl-gec/code-ahl-gec-win32-x64-v1.0/gcc/risc-v embedded gcc/bin/../lib/gcc/riscv-none-embed/8.2.0/rv32imac/ilp32\libgcc.a(floatundidf.o)
 .text          0x0000000000000000        0x0 d:/code-ahl-gec/code-ahl-gec-win32-x64-v1.0/gcc/risc-v embedded gcc/bin/../lib/gcc/riscv-none-embed/8.2.0/rv32imac/ilp32\libgcc.a(gesf2.o)
 .data          0x0000000000000000        0x0 d:/code-ahl-gec/code-ahl-gec-win32-x64-v1.0/gcc/risc-v embedded gcc/bin/../lib/gcc/riscv-none-embed/8.2.0/rv32imac/ilp32\libgcc.a(gesf2.o)
 .bss           0x0000000000000000        0x0 d:/code-ahl-gec/code-ahl-gec-win32-x64-v1.0/gcc/risc-v embedded gcc/bin/../lib/gcc/riscv-none-embed/8.2.0/rv32imac/ilp32\libgcc.a(gesf2.o)
 .text          0x0000000000000000        0x0 d:/code-ahl-gec/code-ahl-gec-win32-x64-v1.0/gcc/risc-v embedded gcc/bin/../lib/gcc/riscv-none-embed/8.2.0/rv32imac/ilp32\libgcc.a(lesf2.o)
 .data          0x0000000000000000        0x0 d:/code-ahl-gec/code-ahl-gec-win32-x64-v1.0/gcc/risc-v embedded gcc/bin/../lib/gcc/riscv-none-embed/8.2.0/rv32imac/ilp32\libgcc.a(lesf2.o)
 .bss           0x0000000000000000        0x0 d:/code-ahl-gec/code-ahl-gec-win32-x64-v1.0/gcc/risc-v embedded gcc/bin/../lib/gcc/riscv-none-embed/8.2.0/rv32imac/ilp32\libgcc.a(lesf2.o)
 .text          0x0000000000000000        0x0 d:/code-ahl-gec/code-ahl-gec-win32-x64-v1.0/gcc/risc-v embedded gcc/bin/../lib/gcc/riscv-none-embed/8.2.0/rv32imac/ilp32\libgcc.a(subsf3.o)
 .data          0x0000000000000000        0x0 d:/code-ahl-gec/code-ahl-gec-win32-x64-v1.0/gcc/risc-v embedded gcc/bin/../lib/gcc/riscv-none-embed/8.2.0/rv32imac/ilp32\libgcc.a(subsf3.o)
 .bss           0x0000000000000000        0x0 d:/code-ahl-gec/code-ahl-gec-win32-x64-v1.0/gcc/risc-v embedded gcc/bin/../lib/gcc/riscv-none-embed/8.2.0/rv32imac/ilp32\libgcc.a(subsf3.o)
 .text          0x0000000000000000        0x0 d:/code-ahl-gec/code-ahl-gec-win32-x64-v1.0/gcc/risc-v embedded gcc/bin/../lib/gcc/riscv-none-embed/8.2.0/rv32imac/ilp32\libgcc.a(extendsfdf2.o)
 .data          0x0000000000000000        0x0 d:/code-ahl-gec/code-ahl-gec-win32-x64-v1.0/gcc/risc-v embedded gcc/bin/../lib/gcc/riscv-none-embed/8.2.0/rv32imac/ilp32\libgcc.a(extendsfdf2.o)
 .bss           0x0000000000000000        0x0 d:/code-ahl-gec/code-ahl-gec-win32-x64-v1.0/gcc/risc-v embedded gcc/bin/../lib/gcc/riscv-none-embed/8.2.0/rv32imac/ilp32\libgcc.a(extendsfdf2.o)
 .text          0x0000000000000000        0x0 d:/code-ahl-gec/code-ahl-gec-win32-x64-v1.0/gcc/risc-v embedded gcc/bin/../lib/gcc/riscv-none-embed/8.2.0/rv32imac/ilp32\libgcc.a(truncdfsf2.o)
 .data          0x0000000000000000        0x0 d:/code-ahl-gec/code-ahl-gec-win32-x64-v1.0/gcc/risc-v embedded gcc/bin/../lib/gcc/riscv-none-embed/8.2.0/rv32imac/ilp32\libgcc.a(truncdfsf2.o)
 .bss           0x0000000000000000        0x0 d:/code-ahl-gec/code-ahl-gec-win32-x64-v1.0/gcc/risc-v embedded gcc/bin/../lib/gcc/riscv-none-embed/8.2.0/rv32imac/ilp32\libgcc.a(truncdfsf2.o)
 .text          0x0000000000000000        0x0 d:/code-ahl-gec/code-ahl-gec-win32-x64-v1.0/gcc/risc-v embedded gcc/bin/../lib/gcc/riscv-none-embed/8.2.0/rv32imac/ilp32\libgcc.a(_clz.o)
 .data          0x0000000000000000        0x0 d:/code-ahl-gec/code-ahl-gec-win32-x64-v1.0/gcc/risc-v embedded gcc/bin/../lib/gcc/riscv-none-embed/8.2.0/rv32imac/ilp32\libgcc.a(_clz.o)
 .bss           0x0000000000000000        0x0 d:/code-ahl-gec/code-ahl-gec-win32-x64-v1.0/gcc/risc-v embedded gcc/bin/../lib/gcc/riscv-none-embed/8.2.0/rv32imac/ilp32\libgcc.a(_clz.o)
 .text          0x0000000000000000        0x0 d:/code-ahl-gec/code-ahl-gec-win32-x64-v1.0/gcc/risc-v embedded gcc/bin/../lib/gcc/riscv-none-embed/8.2.0/rv32imac/ilp32\libgcc.a(_clzsi2.o)
 .data          0x0000000000000000        0x0 d:/code-ahl-gec/code-ahl-gec-win32-x64-v1.0/gcc/risc-v embedded gcc/bin/../lib/gcc/riscv-none-embed/8.2.0/rv32imac/ilp32\libgcc.a(_clzsi2.o)
 .bss           0x0000000000000000        0x0 d:/code-ahl-gec/code-ahl-gec-win32-x64-v1.0/gcc/risc-v embedded gcc/bin/../lib/gcc/riscv-none-embed/8.2.0/rv32imac/ilp32\libgcc.a(_clzsi2.o)
 .data          0x0000000000000000        0x0 d:/code-ahl-gec/code-ahl-gec-win32-x64-v1.0/gcc/risc-v embedded gcc/bin/../lib/gcc/riscv-none-embed/8.2.0/../../../../riscv-none-embed/lib/rv32imac/ilp32\libg_nano.a(lib_a-memset.o)
 .bss           0x0000000000000000        0x0 d:/code-ahl-gec/code-ahl-gec-win32-x64-v1.0/gcc/risc-v embedded gcc/bin/../lib/gcc/riscv-none-embed/8.2.0/../../../../riscv-none-embed/lib/rv32imac/ilp32\libg_nano.a(lib_a-memset.o)
 .text          0x0000000000000000        0x0 d:/code-ahl-gec/code-ahl-gec-win32-x64-v1.0/gcc/risc-v embedded gcc/bin/../lib/gcc/riscv-none-embed/8.2.0/../../../../riscv-none-embed/lib/rv32imac/ilp32\libg_nano.a(lib_a-strlen.o)
 .data          0x0000000000000000        0x0 d:/code-ahl-gec/code-ahl-gec-win32-x64-v1.0/gcc/risc-v embedded gcc/bin/../lib/gcc/riscv-none-embed/8.2.0/../../../../riscv-none-embed/lib/rv32imac/ilp32\libg_nano.a(lib_a-strlen.o)
 .bss           0x0000000000000000        0x0 d:/code-ahl-gec/code-ahl-gec-win32-x64-v1.0/gcc/risc-v embedded gcc/bin/../lib/gcc/riscv-none-embed/8.2.0/../../../../riscv-none-embed/lib/rv32imac/ilp32\libg_nano.a(lib_a-strlen.o)

Memory Configuration

Name             Origin             Length             Attributes
INIT             0x000000000000c000 0x0000000000001000 xr
FLASH            0x000000000000d000 0x0000000000012000 xr
RAM              0x0000000020005000 0x0000000000003000 xrw
*default*        0x0000000000000000 0xffffffffffffffff

Linker script and memory map

LOAD ./obj/adc.o
LOAD ./obj/main.o
LOAD ./obj/flash.o
LOAD ./obj/gpio.o
LOAD ./obj/gec.o
LOAD ./obj/uart.o
LOAD ./obj/isr.o
LOAD ./obj/core_riscv.o
LOAD ./obj/printf.o
LOAD ./obj/startup_CH573.o
LOAD ../03_MCU\startup\libISP573.a
LOAD d:/code-ahl-gec/code-ahl-gec-win32-x64-v1.0/gcc/risc-v embedded gcc/bin/../lib/gcc/riscv-none-embed/8.2.0/rv32imac/ilp32\libgcc.a
LOAD d:/code-ahl-gec/code-ahl-gec-win32-x64-v1.0/gcc/risc-v embedded gcc/bin/../lib/gcc/riscv-none-embed/8.2.0/../../../../riscv-none-embed/lib/rv32imac/ilp32\libg_nano.a
LOAD d:/code-ahl-gec/code-ahl-gec-win32-x64-v1.0/gcc/risc-v embedded gcc/bin/../lib/gcc/riscv-none-embed/8.2.0/../../../../riscv-none-embed/lib/rv32imac/ilp32\libc_nano.a
LOAD d:/code-ahl-gec/code-ahl-gec-win32-x64-v1.0/gcc/risc-v embedded gcc/bin/../lib/gcc/riscv-none-embed/8.2.0/rv32imac/ilp32\libgcc.a
START GROUP
LOAD d:/code-ahl-gec/code-ahl-gec-win32-x64-v1.0/gcc/risc-v embedded gcc/bin/../lib/gcc/riscv-none-embed/8.2.0/rv32imac/ilp32\libgcc.a
LOAD d:/code-ahl-gec/code-ahl-gec-win32-x64-v1.0/gcc/risc-v embedded gcc/bin/../lib/gcc/riscv-none-embed/8.2.0/../../../../riscv-none-embed/lib/rv32imac/ilp32\libc_nano.a
LOAD d:/code-ahl-gec/code-ahl-gec-win32-x64-v1.0/gcc/risc-v embedded gcc/bin/../lib/gcc/riscv-none-embed/8.2.0/../../../../riscv-none-embed/lib/rv32imac/ilp32\libnosys.a
END GROUP
START GROUP
LOAD d:/code-ahl-gec/code-ahl-gec-win32-x64-v1.0/gcc/risc-v embedded gcc/bin/../lib/gcc/riscv-none-embed/8.2.0/rv32imac/ilp32\libgcc.a
LOAD d:/code-ahl-gec/code-ahl-gec-win32-x64-v1.0/gcc/risc-v embedded gcc/bin/../lib/gcc/riscv-none-embed/8.2.0/../../../../riscv-none-embed/lib/rv32imac/ilp32\libc_nano.a
LOAD d:/code-ahl-gec/code-ahl-gec-win32-x64-v1.0/gcc/risc-v embedded gcc/bin/../lib/gcc/riscv-none-embed/8.2.0/../../../../riscv-none-embed/lib/rv32imac/ilp32\libnosys.a
END GROUP
                0x0000000000001000                MCU_SECTORSIZE = 0x1000
                0x0000000000000000                MCU_FLASH_ADDR_START = 0x0
                0x000000000000000c                GEC_USER_SECTOR_START = 0xc
                0x000000000000001f                GEC_USER_SECTOR_END = 0x1f
                0x0000000020005000                GEC_USER_RAM_START = 0x20005000
                0x0000000020007fff                GEC_USER_RAM_END = 0x20007fff

.init           0x000000000000c000        0x4
                0x000000000000c000                . = ALIGN (0x4)
                0x000000000000c000                _sinit = .
                0x000000000000c000                . = ALIGN (0x4)
 *(SORT_NONE(.init))
 .init          0x000000000000c000        0x4 ./obj/startup_CH573.o
                0x000000000000c000                _start
                0x000000000000c004                . = ALIGN (0x4)
                0x000000000000c004                _einit = .
                0x000000000000c004                . = ALIGN (0x4)

.vector         0x000000000000c004       0xe8
                0x000000000000c004                . = ALIGN (0x4)
 *(.vector)
 .vector        0x000000000000c004       0x90 ./obj/startup_CH573.o
                0x000000000000c094                . = ALIGN (0x4)
 *(.vector_handler)
 .vector_handler
                0x000000000000c094       0x58 ./obj/startup_CH573.o
                0x000000000000c094                NMI_Handler
                0x000000000000c098                HardFault_Handler
                0x000000000000c09c                SysTick_Handler
                0x000000000000c0a0                SW_Handler
                0x000000000000c0a4                TMR0_IRQHandler
                0x000000000000c0a8                GPIOA_IRQHandler
                0x000000000000c0ac                GPIOB_IRQHandler
                0x000000000000c0b0                SPI0_IRQHandler
                0x000000000000c0b4                BB_IRQHandler
                0x000000000000c0b8                LLE_IRQHandler
                0x000000000000c0bc                USB_IRQHandler
                0x000000000000c0c0                TMR1_IRQHandler
                0x000000000000c0c4                TMR2_IRQHandler
                0x000000000000c0cc                UART1_IRQHandler
                0x000000000000c0d0                RTC_IRQHandler
                0x000000000000c0d4                ADC_IRQHandler
                0x000000000000c0d8                PWMX_IRQHandler
                0x000000000000c0dc                TMR3_IRQHandler
                0x000000000000c0e0                UART2_IRQHandler
                0x000000000000c0e4                UART3_IRQHandler
                0x000000000000c0e8                WDOG_BAT_IRQHandler
                0x000000000000c0ec                . = ALIGN (0x4)

.highcodelalign
                0x000000000000d000        0x0
                0x000000000000d000                . = ALIGN (0x4)
                0x000000000000d000                PROVIDE (_highcode_lma = .)

.highcode       0x0000000020005000      0x49c load address 0x000000000000d000
                0x0000000020005000                . = ALIGN (0x4)
                0x0000000020005000                PROVIDE (_highcode_vma_start = .)
 *(.highcode)
 .highcode      0x0000000020005000      0x49a ../03_MCU\startup\libISP573.a(ISP573.o)
                0x00000000200050f0                FLASH_EEPROM_CMD
                0x000000002000549c                . = ALIGN (0x4)
 *fill*         0x000000002000549a        0x2 
 *(.highcode.*)
                0x000000002000549c                PROVIDE (_highcode_vma_end = .)
                0x000000002000549c                . = ALIGN (0x4)

.text           0x000000000000d4a0     0x4850
                0x000000000000d4a0                . = ALIGN (0x4)
 *(SORT_NONE(.handle_reset))
 .handle_reset  0x000000000000d4a0       0xc0 ./obj/startup_CH573.o
                0x000000000000d4a0                handle_reset
                0x000000000000d560                . = ALIGN (0x4)
 *(.text)
 .text          0x000000000000d560       0xa8 d:/code-ahl-gec/code-ahl-gec-win32-x64-v1.0/gcc/risc-v embedded gcc/bin/../lib/gcc/riscv-none-embed/8.2.0/../../../../riscv-none-embed/lib/rv32imac/ilp32\libg_nano.a(lib_a-memset.o)
                0x000000000000d560                memset
                0x000000000000d608                . = ALIGN (0x4)
 *(.text.*)
 .text.adc_init
                0x000000000000d608       0xae ./obj/adc.o
                0x000000000000d608                adc_init
 .text.adc_read
                0x000000000000d6b6      0x202 ./obj/adc.o
                0x000000000000d6b6                adc_read
 .text.adc_mid  0x000000000000d8b8       0x64 ./obj/adc.o
                0x000000000000d8b8                adc_mid
 .text.adc_ave  0x000000000000d91c       0x4c ./obj/adc.o
                0x000000000000d91c                adc_ave
 .text.adc_mcu_temp
                0x000000000000d968       0x72 ./obj/adc.o
                0x000000000000d968                adc_mcu_temp
 .text.Delay_ms
                0x000000000000d9da       0x20 ./obj/main.o
                0x000000000000d9da                Delay_ms
 .text.startup.main
                0x000000000000d9fa      0x350 ./obj/main.o
                0x000000000000d9fa                main
 .text.flash_erase
                0x000000000000dd4a       0x20 ./obj/flash.o
                0x000000000000dd4a                flash_erase
 .text.flash_Best
                0x000000000000dd6a       0x22 ./obj/flash.o
                0x000000000000dd6a                flash_Best
 .text.flash_read_logic
                0x000000000000dd8c       0x20 ./obj/flash.o
                0x000000000000dd8c                flash_read_logic
 .text.flash_write
                0x000000000000ddac       0xc8 ./obj/flash.o
                0x000000000000ddac                flash_write
 .text.gpio_set
                0x000000000000de74       0x5c ./obj/gpio.o
                0x000000000000de74                gpio_set
 .text.gpio_init
                0x000000000000ded0       0x6a ./obj/gpio.o
                0x000000000000ded0                gpio_init
 .text.gpio_reverse
                0x000000000000df3a       0x6e ./obj/gpio.o
                0x000000000000df3a                gpio_reverse
 .text.Vectors_Init
                0x000000000000dfa8       0x74 ./obj/gec.o
                0x000000000000dfa8                Vectors_Init
 .text.uart_init
                0x000000000000e01c      0x238 ./obj/uart.o
                0x000000000000e01c                uart_init
 .text.uart_re1
                0x000000000000e254       0x54 ./obj/uart.o
                0x000000000000e254                uart_re1
 .text.uart_enable_re_int
                0x000000000000e2a8       0xc0 ./obj/uart.o
                0x000000000000e2a8                uart_enable_re_int
 .text.uart_get_re_int
                0x000000000000e368       0x44 ./obj/uart.o
                0x000000000000e368                uart_get_re_int
 .text.UART0_IRQHandler
                0x000000000000e3ac       0x5c ./obj/isr.o
                0x000000000000e3ac                UART0_IRQHandler
 .text.printk_putc
                0x000000000000e408       0x40 ./obj/printf.o
 .text.printk_mknumstr
                0x000000000000e448       0x72 ./obj/printf.o
 .text.printk_pad_space
                0x000000000000e4ba       0x38 ./obj/printf.o
 .text.out_char
                0x000000000000e4f2        0xe ./obj/printf.o
                0x000000000000e4f2                out_char
 .text.printk_mkfloatstr
                0x000000000000e500      0x278 ./obj/printf.o
                0x000000000000e500                printk_mkfloatstr
 .text.printk   0x000000000000e778      0x520 ./obj/printf.o
                0x000000000000e778                printk
 .text.myprintf
                0x000000000000ec98       0x66 ./obj/printf.o
                0x000000000000ec98                myprintf
 .text.__udivdi3
                0x000000000000ecfe      0x398 d:/code-ahl-gec/code-ahl-gec-win32-x64-v1.0/gcc/risc-v embedded gcc/bin/../lib/gcc/riscv-none-embed/8.2.0/rv32imac/ilp32\libgcc.a(_udivdi3.o)
                0x000000000000ecfe                __udivdi3
 .text.__umoddi3
                0x000000000000f096      0x38e d:/code-ahl-gec/code-ahl-gec-win32-x64-v1.0/gcc/risc-v embedded gcc/bin/../lib/gcc/riscv-none-embed/8.2.0/rv32imac/ilp32\libgcc.a(_umoddi3.o)
                0x000000000000f096                __umoddi3
 .text.__adddf3
                0x000000000000f424      0x738 d:/code-ahl-gec/code-ahl-gec-win32-x64-v1.0/gcc/risc-v embedded gcc/bin/../lib/gcc/riscv-none-embed/8.2.0/rv32imac/ilp32\libgcc.a(adddf3.o)
                0x000000000000f424                __adddf3
 .text.__divdf3
                0x000000000000fb5c      0x5c4 d:/code-ahl-gec/code-ahl-gec-win32-x64-v1.0/gcc/risc-v embedded gcc/bin/../lib/gcc/riscv-none-embed/8.2.0/rv32imac/ilp32\libgcc.a(divdf3.o)
                0x000000000000fb5c                __divdf3
 .text.__eqdf2  0x0000000000010120       0x6a d:/code-ahl-gec/code-ahl-gec-win32-x64-v1.0/gcc/risc-v embedded gcc/bin/../lib/gcc/riscv-none-embed/8.2.0/rv32imac/ilp32\libgcc.a(eqdf2.o)
                0x0000000000010120                __nedf2
                0x0000000000010120                __eqdf2
 .text.__ledf2  0x000000000001018a       0xb6 d:/code-ahl-gec/code-ahl-gec-win32-x64-v1.0/gcc/risc-v embedded gcc/bin/../lib/gcc/riscv-none-embed/8.2.0/rv32imac/ilp32\libgcc.a(ledf2.o)
                0x000000000001018a                __ledf2
                0x000000000001018a                __ltdf2
 .text.__muldf3
                0x0000000000010240      0x4c8 d:/code-ahl-gec/code-ahl-gec-win32-x64-v1.0/gcc/risc-v embedded gcc/bin/../lib/gcc/riscv-none-embed/8.2.0/rv32imac/ilp32\libgcc.a(muldf3.o)
                0x0000000000010240                __muldf3
 .text.__subdf3
                0x0000000000010708      0x746 d:/code-ahl-gec/code-ahl-gec-win32-x64-v1.0/gcc/risc-v embedded gcc/bin/../lib/gcc/riscv-none-embed/8.2.0/rv32imac/ilp32\libgcc.a(subdf3.o)
                0x0000000000010708                __subdf3
 .text.__fixdfsi
                0x0000000000010e4e       0x68 d:/code-ahl-gec/code-ahl-gec-win32-x64-v1.0/gcc/risc-v embedded gcc/bin/../lib/gcc/riscv-none-embed/8.2.0/rv32imac/ilp32\libgcc.a(fixdfsi.o)
                0x0000000000010e4e                __fixdfsi
 .text.__floatsidf
                0x0000000000010eb6       0x76 d:/code-ahl-gec/code-ahl-gec-win32-x64-v1.0/gcc/risc-v embedded gcc/bin/../lib/gcc/riscv-none-embed/8.2.0/rv32imac/ilp32\libgcc.a(floatsidf.o)
                0x0000000000010eb6                __floatsidf
 .text.__fixunsdfdi
                0x0000000000010f2c       0x9e d:/code-ahl-gec/code-ahl-gec-win32-x64-v1.0/gcc/risc-v embedded gcc/bin/../lib/gcc/riscv-none-embed/8.2.0/rv32imac/ilp32\libgcc.a(fixunsdfdi.o)
                0x0000000000010f2c                __fixunsdfdi
 .text.__floatundidf
                0x0000000000010fca      0x194 d:/code-ahl-gec/code-ahl-gec-win32-x64-v1.0/gcc/risc-v embedded gcc/bin/../lib/gcc/riscv-none-embed/8.2.0/rv32imac/ilp32\libgcc.a(floatundidf.o)
                0x0000000000010fca                __floatundidf
 .text.__gesf2  0x000000000001115e       0x86 d:/code-ahl-gec/code-ahl-gec-win32-x64-v1.0/gcc/risc-v embedded gcc/bin/../lib/gcc/riscv-none-embed/8.2.0/rv32imac/ilp32\libgcc.a(gesf2.o)
                0x000000000001115e                __gesf2
                0x000000000001115e                __gtsf2
 .text.__lesf2  0x00000000000111e4       0x8c d:/code-ahl-gec/code-ahl-gec-win32-x64-v1.0/gcc/risc-v embedded gcc/bin/../lib/gcc/riscv-none-embed/8.2.0/rv32imac/ilp32\libgcc.a(lesf2.o)
                0x00000000000111e4                __ltsf2
                0x00000000000111e4                __lesf2
 .text.__subsf3
                0x0000000000011270      0x38e d:/code-ahl-gec/code-ahl-gec-win32-x64-v1.0/gcc/risc-v embedded gcc/bin/../lib/gcc/riscv-none-embed/8.2.0/rv32imac/ilp32\libgcc.a(subsf3.o)
                0x0000000000011270                __subsf3
 .text.__extendsfdf2
                0x00000000000115fe       0xb2 d:/code-ahl-gec/code-ahl-gec-win32-x64-v1.0/gcc/risc-v embedded gcc/bin/../lib/gcc/riscv-none-embed/8.2.0/rv32imac/ilp32\libgcc.a(extendsfdf2.o)
                0x00000000000115fe                __extendsfdf2
 .text.__truncdfsf2
                0x00000000000116b0      0x16a d:/code-ahl-gec/code-ahl-gec-win32-x64-v1.0/gcc/risc-v embedded gcc/bin/../lib/gcc/riscv-none-embed/8.2.0/rv32imac/ilp32\libgcc.a(truncdfsf2.o)
                0x00000000000116b0                __truncdfsf2
 .text.__clzsi2
                0x000000000001181a       0x76 d:/code-ahl-gec/code-ahl-gec-win32-x64-v1.0/gcc/risc-v embedded gcc/bin/../lib/gcc/riscv-none-embed/8.2.0/rv32imac/ilp32\libgcc.a(_clzsi2.o)
                0x000000000001181a                __clzsi2
 .text.strlen   0x0000000000011890       0x12 d:/code-ahl-gec/code-ahl-gec-win32-x64-v1.0/gcc/risc-v embedded gcc/bin/../lib/gcc/riscv-none-embed/8.2.0/../../../../riscv-none-embed/lib/rv32imac/ilp32\libg_nano.a(lib_a-strlen.o)
                0x0000000000011890                strlen
                0x00000000000118a4                . = ALIGN (0x4)
 *fill*         0x00000000000118a2        0x2 
 *(.rodata)
                0x00000000000118a4                . = ALIGN (0x4)
 *(.rodata*)
 .rodata.adc_init
                0x00000000000118a4       0x48 ./obj/adc.o
 *fill*         0x00000000000118ec        0x4 
 .rodata.adc_mcu_temp.cst8
                0x00000000000118f0       0x10 ./obj/adc.o
 .rodata.adc_read.cst8
                0x0000000000011900       0x40 ./obj/adc.o
 .rodata.main.cst4
                0x0000000000011940        0x4 ./obj/main.o
 .rodata.main.str1.4
                0x0000000000011944      0x165 ./obj/main.o
 *fill*         0x0000000000011aa9        0x3 
 .rodata.Vectors_Init.str1.4
                0x0000000000011aac       0x30 ./obj/gec.o
                                         0x2f (size before relaxing)
 .rodata.printk
                0x0000000000011adc       0x84 ./obj/printf.o
 .rodata.printk_mkfloatstr.cst8
                0x0000000000011b60       0x10 ./obj/printf.o
 .rodata.__divdf3
                0x0000000000011b70       0x40 d:/code-ahl-gec/code-ahl-gec-win32-x64-v1.0/gcc/risc-v embedded gcc/bin/../lib/gcc/riscv-none-embed/8.2.0/rv32imac/ilp32\libgcc.a(divdf3.o)
 .rodata.__muldf3
                0x0000000000011bb0       0x40 d:/code-ahl-gec/code-ahl-gec-win32-x64-v1.0/gcc/risc-v embedded gcc/bin/../lib/gcc/riscv-none-embed/8.2.0/rv32imac/ilp32\libgcc.a(muldf3.o)
 .rodata.__clz_tab
                0x0000000000011bf0      0x100 d:/code-ahl-gec/code-ahl-gec-win32-x64-v1.0/gcc/risc-v embedded gcc/bin/../lib/gcc/riscv-none-embed/8.2.0/rv32imac/ilp32\libgcc.a(_clz.o)
                0x0000000000011bf0                __clz_tab
                0x0000000000011cf0                . = ALIGN (0x4)
 *(.sdata2.*)
                0x0000000000011cf0                . = ALIGN (0x4)
 *(.glue_7)
                0x0000000000011cf0                . = ALIGN (0x4)
 *(.glue_7t)
                0x0000000000011cf0                . = ALIGN (0x4)
 *(.gnu.linkonce.t.*)
                0x0000000000011cf0                . = ALIGN (0x4)

.update         0x0000000000011cf0      0x162
 .update        0x0000000000011cf0      0x162 ./obj/uart.o
                0x0000000000011cf0                uart_is_uartNo
                0x0000000000011cf6                uart_send1
                0x0000000000011d78                uart_send_string

.rela.dyn       0x0000000000011e54        0x0
 .rela.text.startup.main
                0x0000000000011e54        0x0 ./obj/adc.o
 .rela.text.Vectors_Init
                0x0000000000011e54        0x0 ./obj/adc.o
 .rela.text.UART0_IRQHandler
                0x0000000000011e54        0x0 ./obj/adc.o
 .rela.text.myprintf
                0x0000000000011e54        0x0 ./obj/adc.o
 .rela.init     0x0000000000011e54        0x0 ./obj/adc.o
 .rela.vector   0x0000000000011e54        0x0 ./obj/adc.o
 .rela.handle_reset
                0x0000000000011e54        0x0 ./obj/adc.o

.fini           0x0000000000011e52        0x2
 *(SORT_NONE(.fini))
                0x0000000000011e54                . = ALIGN (0x4)
 *fill*         0x0000000000011e52        0x2 
                [!provide]                        PROVIDE (_etext = .)
                [!provide]                        PROVIDE (_eitcm = .)

.preinit_array  0x0000000000011e54        0x0
                [!provide]                        PROVIDE (__preinit_array_start = .)
 *(.preinit_array)
                [!provide]                        PROVIDE (__preinit_array_end = .)

.init_array     0x0000000000011e54        0x0
                [!provide]                        PROVIDE (__init_array_start = .)
 *(SORT_BY_INIT_PRIORITY(.init_array.*) SORT_BY_INIT_PRIORITY(.ctors.*))
 *(.init_array EXCLUDE_FILE(*crtend?.o *crtend.o *crtbegin?.o *crtbegin.o) .ctors)
                [!provide]                        PROVIDE (__init_array_end = .)

.fini_array     0x0000000000011e54        0x0
                [!provide]                        PROVIDE (__fini_array_start = .)
 *(SORT_BY_INIT_PRIORITY(.fini_array.*) SORT_BY_INIT_PRIORITY(.dtors.*))
 *(.fini_array EXCLUDE_FILE(*crtend?.o *crtend.o *crtbegin?.o *crtbegin.o) .dtors)
                [!provide]                        PROVIDE (__fini_array_end = .)

.ctors
 *crtbegin.o(.ctors)
 *crtbegin?.o(.ctors)
 *(EXCLUDE_FILE(*crtend?.o *crtend.o) .ctors)
 *(SORT_BY_NAME(.ctors.*))
 *(.ctors)

.dtors
 *crtbegin.o(.dtors)
 *crtbegin?.o(.dtors)
 *(EXCLUDE_FILE(*crtend?.o *crtend.o) .dtors)
 *(SORT_BY_NAME(.dtors.*))
 *(.dtors)

.dalign         0x000000002000549c        0x0 load address 0x0000000000011e54
                0x000000002000549c                . = (ORIGIN (RAM) + MAX (0x80, SIZEOF (.highcode)))

.dlalign        0x0000000000011e54        0x0
                0x0000000000011e54                . = ALIGN (0x4)
                0x0000000000011e54                PROVIDE (_data_lma = .)

.data           0x000000002000549c        0x4 load address 0x0000000000011e54
                0x000000002000549c                PROVIDE (_data_vma = .)
 *(.gnu.linkonce.r.*)
 *(.data .data.*)
 *(.gnu.linkonce.d.*)
                0x00000000200054a0                . = ALIGN (0x8)
 *fill*         0x000000002000549c        0x4 
                0x0000000020005ca0                PROVIDE (__global_pointer$ = (. + 0x800))
 *(.sdata .sdata.*)
 *(.gnu.linkonce.s.*)
                0x00000000200054a0                . = ALIGN (0x8)
 *(.srodata.cst16)
 *(.srodata.cst8)
 *(.srodata.cst4)
 *(.srodata.cst2)
 *(.srodata .srodata.*)
                0x00000000200054a0                . = ALIGN (0x4)
                0x00000000200054a0                PROVIDE (_edata = .)

.bss            0x00000000200054a0        0x4 load address 0x0000000000011e54
                0x00000000200054a0                . = ALIGN (0x4)
                0x00000000200054a0                PROVIDE (_sbss = .)
 *(.sbss*)
 *(.gnu.linkonce.sb.*)
 *(.bss*)
 *(.gnu.linkonce.b.*)
 *(COMMON*)
 COMMON         0x00000000200054a0        0x4 ./obj/adc.o
                0x00000000200054a0                component_fun
                0x00000000200054a4                . = ALIGN (0x4)
                0x00000000200054a4                PROVIDE (_ebss = .)
                [!provide]                        PROVIDE (_end = _ebss)
                [!provide]                        PROVIDE (end = .)

.stack          0x0000000020008000        0x0
                0x0000000020008000                . = ALIGN (0x4)
                0x0000000020008000                PROVIDE (_eusrstack = .)
OUTPUT(Test-AHL-CH573-20240828.elf elf32-littleriscv)

.debug_info     0x0000000000000000     0x781e
 .debug_info    0x0000000000000000      0xc71 ./obj/adc.o
 .debug_info    0x0000000000000c71      0xf1e ./obj/main.o
 .debug_info    0x0000000000001b8f      0xf4d ./obj/flash.o
 .debug_info    0x0000000000002adc     0x1184 ./obj/gpio.o
 .debug_info    0x0000000000003c60      0xa21 ./obj/gec.o
 .debug_info    0x0000000000004681     0x122b ./obj/uart.o
 .debug_info    0x00000000000058ac      0xb56 ./obj/isr.o
 .debug_info    0x0000000000006402     0x13fa ./obj/printf.o
 .debug_info    0x00000000000077fc       0x22 ./obj/startup_CH573.o

.debug_abbrev   0x0000000000000000     0x1990
 .debug_abbrev  0x0000000000000000      0x311 ./obj/adc.o
 .debug_abbrev  0x0000000000000311      0x2e6 ./obj/main.o
 .debug_abbrev  0x00000000000005f7      0x2e8 ./obj/flash.o
 .debug_abbrev  0x00000000000008df      0x3dd ./obj/gpio.o
 .debug_abbrev  0x0000000000000cbc      0x217 ./obj/gec.o
 .debug_abbrev  0x0000000000000ed3      0x408 ./obj/uart.o
 .debug_abbrev  0x00000000000012db      0x2a5 ./obj/isr.o
 .debug_abbrev  0x0000000000001580      0x3fe ./obj/printf.o
 .debug_abbrev  0x000000000000197e       0x12 ./obj/startup_CH573.o

.debug_loc      0x0000000000000000     0x2c0e
 .debug_loc     0x0000000000000000      0x3d9 ./obj/adc.o
 .debug_loc     0x00000000000003d9       0xb7 ./obj/main.o
 .debug_loc     0x0000000000000490      0x758 ./obj/flash.o
 .debug_loc     0x0000000000000be8      0x7e6 ./obj/gpio.o
 .debug_loc     0x00000000000013ce      0x78c ./obj/uart.o
 .debug_loc     0x0000000000001b5a       0x13 ./obj/isr.o
 .debug_loc     0x0000000000001b6d     0x10a1 ./obj/printf.o

.debug_aranges  0x0000000000000000      0x268
 .debug_aranges
                0x0000000000000000       0x40 ./obj/adc.o
 .debug_aranges
                0x0000000000000040       0x28 ./obj/main.o
 .debug_aranges
                0x0000000000000068       0x68 ./obj/flash.o
 .debug_aranges
                0x00000000000000d0       0x60 ./obj/gpio.o
 .debug_aranges
                0x0000000000000130       0x20 ./obj/gec.o
 .debug_aranges
                0x0000000000000150       0x70 ./obj/uart.o
 .debug_aranges
                0x00000000000001c0       0x20 ./obj/isr.o
 .debug_aranges
                0x00000000000001e0       0x50 ./obj/printf.o
 .debug_aranges
                0x0000000000000230       0x38 ./obj/startup_CH573.o

.debug_ranges   0x0000000000000000      0x3a0
 .debug_ranges  0x0000000000000000       0x58 ./obj/adc.o
 .debug_ranges  0x0000000000000058       0x38 ./obj/main.o
 .debug_ranges  0x0000000000000090       0x58 ./obj/flash.o
 .debug_ranges  0x00000000000000e8      0x108 ./obj/gpio.o
 .debug_ranges  0x00000000000001f0       0x10 ./obj/gec.o
 .debug_ranges  0x0000000000000200       0xc0 ./obj/uart.o
 .debug_ranges  0x00000000000002c0       0x10 ./obj/isr.o
 .debug_ranges  0x00000000000002d0       0xa0 ./obj/printf.o
 .debug_ranges  0x0000000000000370       0x30 ./obj/startup_CH573.o

.debug_line     0x0000000000000000     0x60b1
 .debug_line    0x0000000000000000      0xa17 ./obj/adc.o
 .debug_line    0x0000000000000a17      0x9fe ./obj/main.o
 .debug_line    0x0000000000001415      0x6d9 ./obj/flash.o
 .debug_line    0x0000000000001aee      0xdce ./obj/gpio.o
 .debug_line    0x00000000000028bc      0x441 ./obj/gec.o
 .debug_line    0x0000000000002cfd     0x157c ./obj/uart.o
 .debug_line    0x0000000000004279      0x598 ./obj/isr.o
 .debug_line    0x0000000000004811     0x1661 ./obj/printf.o
 .debug_line    0x0000000000005e72      0x23f ./obj/startup_CH573.o

.debug_str      0x0000000000000000      0xd89
 .debug_str     0x0000000000000000      0x635 ./obj/adc.o
                                        0x6b4 (size before relaxing)
 .debug_str     0x0000000000000635      0x166 ./obj/main.o
                                        0x78b (size before relaxing)
 .debug_str     0x000000000000079b      0x101 ./obj/flash.o
                                        0x704 (size before relaxing)
 .debug_str     0x000000000000089c      0x240 ./obj/gpio.o
                                        0x879 (size before relaxing)
 .debug_str     0x0000000000000adc       0x1d ./obj/gec.o
                                        0x616 (size before relaxing)
 .debug_str     0x0000000000000af9       0xbf ./obj/uart.o
                                        0x8b3 (size before relaxing)
 .debug_str     0x0000000000000bb8       0x33 ./obj/isr.o
                                        0x733 (size before relaxing)
 .debug_str     0x0000000000000beb      0x17d ./obj/printf.o
                                        0x7a2 (size before relaxing)
 .debug_str     0x0000000000000d68       0x21 ./obj/startup_CH573.o
                                         0xa1 (size before relaxing)

.comment        0x0000000000000000       0x33
 .comment       0x0000000000000000       0x33 ./obj/adc.o
                                         0x34 (size before relaxing)
 .comment       0x0000000000000033       0x34 ./obj/main.o
 .comment       0x0000000000000033       0x34 ./obj/flash.o
 .comment       0x0000000000000033       0x34 ./obj/gpio.o
 .comment       0x0000000000000033       0x34 ./obj/gec.o
 .comment       0x0000000000000033       0x34 ./obj/uart.o
 .comment       0x0000000000000033       0x34 ./obj/isr.o
 .comment       0x0000000000000033       0x34 ./obj/printf.o
 .comment       0x0000000000000033       0x34 ../03_MCU\startup\libISP573.a(ISP573.o)

.debug_frame    0x0000000000000000      0x8c8
 .debug_frame   0x0000000000000000       0xd4 ./obj/adc.o
 .debug_frame   0x00000000000000d4       0x5c ./obj/main.o
 .debug_frame   0x0000000000000130      0x120 ./obj/flash.o
 .debug_frame   0x0000000000000250       0xa0 ./obj/gpio.o
 .debug_frame   0x00000000000002f0       0x30 ./obj/gec.o
 .debug_frame   0x0000000000000320       0xf8 ./obj/uart.o
 .debug_frame   0x0000000000000418       0x2c ./obj/isr.o
 .debug_frame   0x0000000000000444      0x13c ./obj/printf.o
 .debug_frame   0x0000000000000580       0x44 d:/code-ahl-gec/code-ahl-gec-win32-x64-v1.0/gcc/risc-v embedded gcc/bin/../lib/gcc/riscv-none-embed/8.2.0/rv32imac/ilp32\libgcc.a(adddf3.o)
 .debug_frame   0x00000000000005c4       0x50 d:/code-ahl-gec/code-ahl-gec-win32-x64-v1.0/gcc/risc-v embedded gcc/bin/../lib/gcc/riscv-none-embed/8.2.0/rv32imac/ilp32\libgcc.a(divdf3.o)
 .debug_frame   0x0000000000000614       0x20 d:/code-ahl-gec/code-ahl-gec-win32-x64-v1.0/gcc/risc-v embedded gcc/bin/../lib/gcc/riscv-none-embed/8.2.0/rv32imac/ilp32\libgcc.a(eqdf2.o)
 .debug_frame   0x0000000000000634       0x20 d:/code-ahl-gec/code-ahl-gec-win32-x64-v1.0/gcc/risc-v embedded gcc/bin/../lib/gcc/riscv-none-embed/8.2.0/rv32imac/ilp32\libgcc.a(ledf2.o)
 .debug_frame   0x0000000000000654       0x54 d:/code-ahl-gec/code-ahl-gec-win32-x64-v1.0/gcc/risc-v embedded gcc/bin/../lib/gcc/riscv-none-embed/8.2.0/rv32imac/ilp32\libgcc.a(muldf3.o)
 .debug_frame   0x00000000000006a8       0x44 d:/code-ahl-gec/code-ahl-gec-win32-x64-v1.0/gcc/risc-v embedded gcc/bin/../lib/gcc/riscv-none-embed/8.2.0/rv32imac/ilp32\libgcc.a(subdf3.o)
 .debug_frame   0x00000000000006ec       0x20 d:/code-ahl-gec/code-ahl-gec-win32-x64-v1.0/gcc/risc-v embedded gcc/bin/../lib/gcc/riscv-none-embed/8.2.0/rv32imac/ilp32\libgcc.a(fixdfsi.o)
 .debug_frame   0x000000000000070c       0x38 d:/code-ahl-gec/code-ahl-gec-win32-x64-v1.0/gcc/risc-v embedded gcc/bin/../lib/gcc/riscv-none-embed/8.2.0/rv32imac/ilp32\libgcc.a(floatsidf.o)
 .debug_frame   0x0000000000000744       0x20 d:/code-ahl-gec/code-ahl-gec-win32-x64-v1.0/gcc/risc-v embedded gcc/bin/../lib/gcc/riscv-none-embed/8.2.0/rv32imac/ilp32\libgcc.a(fixunsdfdi.o)
 .debug_frame   0x0000000000000764       0x50 d:/code-ahl-gec/code-ahl-gec-win32-x64-v1.0/gcc/risc-v embedded gcc/bin/../lib/gcc/riscv-none-embed/8.2.0/rv32imac/ilp32\libgcc.a(floatundidf.o)
 .debug_frame   0x00000000000007b4       0x20 d:/code-ahl-gec/code-ahl-gec-win32-x64-v1.0/gcc/risc-v embedded gcc/bin/../lib/gcc/riscv-none-embed/8.2.0/rv32imac/ilp32\libgcc.a(gesf2.o)
 .debug_frame   0x00000000000007d4       0x20 d:/code-ahl-gec/code-ahl-gec-win32-x64-v1.0/gcc/risc-v embedded gcc/bin/../lib/gcc/riscv-none-embed/8.2.0/rv32imac/ilp32\libgcc.a(lesf2.o)
 .debug_frame   0x00000000000007f4       0x3c d:/code-ahl-gec/code-ahl-gec-win32-x64-v1.0/gcc/risc-v embedded gcc/bin/../lib/gcc/riscv-none-embed/8.2.0/rv32imac/ilp32\libgcc.a(subsf3.o)
 .debug_frame   0x0000000000000830       0x38 d:/code-ahl-gec/code-ahl-gec-win32-x64-v1.0/gcc/risc-v embedded gcc/bin/../lib/gcc/riscv-none-embed/8.2.0/rv32imac/ilp32\libgcc.a(extendsfdf2.o)
 .debug_frame   0x0000000000000868       0x20 d:/code-ahl-gec/code-ahl-gec-win32-x64-v1.0/gcc/risc-v embedded gcc/bin/../lib/gcc/riscv-none-embed/8.2.0/rv32imac/ilp32\libgcc.a(truncdfsf2.o)
 .debug_frame   0x0000000000000888       0x20 d:/code-ahl-gec/code-ahl-gec-win32-x64-v1.0/gcc/risc-v embedded gcc/bin/../lib/gcc/riscv-none-embed/8.2.0/rv32imac/ilp32\libgcc.a(_clzsi2.o)
 .debug_frame   0x00000000000008a8       0x20 d:/code-ahl-gec/code-ahl-gec-win32-x64-v1.0/gcc/risc-v embedded gcc/bin/../lib/gcc/riscv-none-embed/8.2.0/../../../../riscv-none-embed/lib/rv32imac/ilp32\libg_nano.a(lib_a-strlen.o)
